Archive member included to satisfy reference by file (symbol)

c:/Users/Anima/AppData/Roaming/Code/User/globalStorage/bmd.stm32-for-vscode/@xpack-dev-tools/arm-none-eabi-gcc/13.2.1-1.1.1/.content/bin/../lib/gcc/arm-none-eabi/13.2.1/../../../../arm-none-eabi/lib/thumb/v7e-m+fp/hard\libc_nano.a(libc_a-atexit.o)
                              c:/Users/Anima/AppData/Roaming/Code/User/globalStorage/bmd.stm32-for-vscode/@xpack-dev-tools/arm-none-eabi-gcc/13.2.1-1.1.1/.content/bin/../lib/gcc/arm-none-eabi/13.2.1/../../../../arm-none-eabi/lib/thumb/v7e-m+fp/hard/crt0.o (atexit)
c:/Users/Anima/AppData/Roaming/Code/User/globalStorage/bmd.stm32-for-vscode/@xpack-dev-tools/arm-none-eabi-gcc/13.2.1-1.1.1/.content/bin/../lib/gcc/arm-none-eabi/13.2.1/../../../../arm-none-eabi/lib/thumb/v7e-m+fp/hard\libc_nano.a(libc_a-exit.o)
                              c:/Users/Anima/AppData/Roaming/Code/User/globalStorage/bmd.stm32-for-vscode/@xpack-dev-tools/arm-none-eabi-gcc/13.2.1-1.1.1/.content/bin/../lib/gcc/arm-none-eabi/13.2.1/../../../../arm-none-eabi/lib/thumb/v7e-m+fp/hard/crt0.o (exit)
c:/Users/Anima/AppData/Roaming/Code/User/globalStorage/bmd.stm32-for-vscode/@xpack-dev-tools/arm-none-eabi-gcc/13.2.1-1.1.1/.content/bin/../lib/gcc/arm-none-eabi/13.2.1/../../../../arm-none-eabi/lib/thumb/v7e-m+fp/hard\libc_nano.a(libc_a-findfp.o)
                              c:/Users/Anima/AppData/Roaming/Code/User/globalStorage/bmd.stm32-for-vscode/@xpack-dev-tools/arm-none-eabi-gcc/13.2.1-1.1.1/.content/bin/../lib/gcc/arm-none-eabi/13.2.1/../../../../arm-none-eabi/lib/thumb/v7e-m+fp/hard\libc_nano.a(libc_a-exit.o) (__stdio_exit_handler)
c:/Users/Anima/AppData/Roaming/Code/User/globalStorage/bmd.stm32-for-vscode/@xpack-dev-tools/arm-none-eabi-gcc/13.2.1-1.1.1/.content/bin/../lib/gcc/arm-none-eabi/13.2.1/../../../../arm-none-eabi/lib/thumb/v7e-m+fp/hard\libc_nano.a(libc_a-fwalk.o)
                              c:/Users/Anima/AppData/Roaming/Code/User/globalStorage/bmd.stm32-for-vscode/@xpack-dev-tools/arm-none-eabi-gcc/13.2.1-1.1.1/.content/bin/../lib/gcc/arm-none-eabi/13.2.1/../../../../arm-none-eabi/lib/thumb/v7e-m+fp/hard\libc_nano.a(libc_a-findfp.o) (_fwalk_sglue)
c:/Users/Anima/AppData/Roaming/Code/User/globalStorage/bmd.stm32-for-vscode/@xpack-dev-tools/arm-none-eabi-gcc/13.2.1-1.1.1/.content/bin/../lib/gcc/arm-none-eabi/13.2.1/../../../../arm-none-eabi/lib/thumb/v7e-m+fp/hard\libc_nano.a(libc_a-stdio.o)
                              c:/Users/Anima/AppData/Roaming/Code/User/globalStorage/bmd.stm32-for-vscode/@xpack-dev-tools/arm-none-eabi-gcc/13.2.1-1.1.1/.content/bin/../lib/gcc/arm-none-eabi/13.2.1/../../../../arm-none-eabi/lib/thumb/v7e-m+fp/hard\libc_nano.a(libc_a-findfp.o) (__sread)
c:/Users/Anima/AppData/Roaming/Code/User/globalStorage/bmd.stm32-for-vscode/@xpack-dev-tools/arm-none-eabi-gcc/13.2.1-1.1.1/.content/bin/../lib/gcc/arm-none-eabi/13.2.1/../../../../arm-none-eabi/lib/thumb/v7e-m+fp/hard\libc_nano.a(libc_a-memset.o)
                              c:/Users/Anima/AppData/Roaming/Code/User/globalStorage/bmd.stm32-for-vscode/@xpack-dev-tools/arm-none-eabi-gcc/13.2.1-1.1.1/.content/bin/../lib/gcc/arm-none-eabi/13.2.1/../../../../arm-none-eabi/lib/thumb/v7e-m+fp/hard/crt0.o (memset)
c:/Users/Anima/AppData/Roaming/Code/User/globalStorage/bmd.stm32-for-vscode/@xpack-dev-tools/arm-none-eabi-gcc/13.2.1-1.1.1/.content/bin/../lib/gcc/arm-none-eabi/13.2.1/../../../../arm-none-eabi/lib/thumb/v7e-m+fp/hard\libc_nano.a(libc_a-closer.o)
                              c:/Users/Anima/AppData/Roaming/Code/User/globalStorage/bmd.stm32-for-vscode/@xpack-dev-tools/arm-none-eabi-gcc/13.2.1-1.1.1/.content/bin/../lib/gcc/arm-none-eabi/13.2.1/../../../../arm-none-eabi/lib/thumb/v7e-m+fp/hard\libc_nano.a(libc_a-stdio.o) (_close_r)
c:/Users/Anima/AppData/Roaming/Code/User/globalStorage/bmd.stm32-for-vscode/@xpack-dev-tools/arm-none-eabi-gcc/13.2.1-1.1.1/.content/bin/../lib/gcc/arm-none-eabi/13.2.1/../../../../arm-none-eabi/lib/thumb/v7e-m+fp/hard\libc_nano.a(libc_a-reent.o)
                              c:/Users/Anima/AppData/Roaming/Code/User/globalStorage/bmd.stm32-for-vscode/@xpack-dev-tools/arm-none-eabi-gcc/13.2.1-1.1.1/.content/bin/../lib/gcc/arm-none-eabi/13.2.1/../../../../arm-none-eabi/lib/thumb/v7e-m+fp/hard\libc_nano.a(libc_a-closer.o) (errno)
c:/Users/Anima/AppData/Roaming/Code/User/globalStorage/bmd.stm32-for-vscode/@xpack-dev-tools/arm-none-eabi-gcc/13.2.1-1.1.1/.content/bin/../lib/gcc/arm-none-eabi/13.2.1/../../../../arm-none-eabi/lib/thumb/v7e-m+fp/hard\libc_nano.a(libc_a-impure.o)
                              c:/Users/Anima/AppData/Roaming/Code/User/globalStorage/bmd.stm32-for-vscode/@xpack-dev-tools/arm-none-eabi-gcc/13.2.1-1.1.1/.content/bin/../lib/gcc/arm-none-eabi/13.2.1/../../../../arm-none-eabi/lib/thumb/v7e-m+fp/hard\libc_nano.a(libc_a-reent.o) (_impure_ptr)
[...]
Memory Configuration

Name             Origin             Length             Attributes
RAM              0x20000000         0x00050000         xrw
FLASH            0x08000000         0x00100000         xr
*default*        0x00000000         0xffffffff

Linker script and memory map

LOAD c:/Users/Anima/AppData/Roaming/Code/User/globalStorage/bmd.stm32-for-vscode/@xpack-dev-tools/arm-none-eabi-gcc/13.2.1-1.1.1/.content/bin/../lib/gcc/arm-none-eabi/13.2.1/thumb/v7e-m+fp/hard/crti.o
LOAD c:/Users/Anima/AppData/Roaming/Code/User/globalStorage/bmd.stm32-for-vscode/@xpack-dev-tools/arm-none-eabi-gcc/13.2.1-1.1.1/.content/bin/../lib/gcc/arm-none-eabi/13.2.1/thumb/v7e-m+fp/hard/crtbegin.o
LOAD c:/Users/Anima/AppData/Roaming/Code/User/globalStorage/bmd.stm32-for-vscode/@xpack-dev-tools/arm-none-eabi-gcc/13.2.1-1.1.1/.content/bin/../lib/gcc/arm-none-eabi/13.2.1/../../../../arm-none-eabi/lib/thumb/v7e-m+fp/hard/crt0.o
LOAD build/main.o
LOAD build/pwm_driver.o
LOAD build/stm32f7xx_hal_msp.o
LOAD build/stm32f7xx_it.o
LOAD build/syscalls.o
LOAD build/sysmem.o
LOAD build/system_stm32f7xx.o
LOAD build/stm32f7xx_hal.o
LOAD build/stm32f7xx_hal_cortex.o
LOAD build/stm32f7xx_hal_dma.o
LOAD build/stm32f7xx_hal_dma_ex.o
LOAD build/stm32f7xx_hal_exti.o
LOAD build/stm32f7xx_hal_flash.o
LOAD build/stm32f7xx_hal_flash_ex.o
LOAD build/stm32f7xx_hal_gpio.o
LOAD build/stm32f7xx_hal_i2c.o
LOAD build/stm32f7xx_hal_i2c_ex.o
LOAD build/stm32f7xx_hal_pwr.o
LOAD build/stm32f7xx_hal_pwr_ex.o
LOAD build/stm32f7xx_hal_rcc.o
LOAD build/stm32f7xx_hal_rcc_ex.o
LOAD build/stm32f7xx_hal_tim.o
LOAD build/stm32f7xx_hal_tim_ex.o
LOAD build/stm32f7xx_hal_uart.o
LOAD build/stm32f7xx_hal_uart_ex.o
LOAD build/startup_stm32f746xx.o
LOAD c:/Users/Anima/AppData/Roaming/Code/User/globalStorage/bmd.stm32-for-vscode/@xpack-dev-tools/arm-none-eabi-gcc/13.2.1-1.1.1/.content/bin/../lib/gcc/arm-none-eabi/13.2.1/../../../../arm-none-eabi/lib/thumb/v7e-m+fp/hard\libc_nano.a
LOAD c:/Users/Anima/AppData/Roaming/Code/User/globalStorage/bmd.stm32-for-vscode/@xpack-dev-tools/arm-none-eabi-gcc/13.2.1-1.1.1/.content/bin/../lib/gcc/arm-none-eabi/13.2.1/../../../../arm-none-eabi/lib/thumb/v7e-m+fp/hard\libm.a
LOAD c:/Users/Anima/AppData/Roaming/Code/User/globalStorage/bmd.stm32-for-vscode/@xpack-dev-tools/arm-none-eabi-gcc/13.2.1-1.1.1/.content/bin/../lib/gcc/arm-none-eabi/13.2.1/../../../../arm-none-eabi/lib/thumb/v7e-m+fp/hard\libnosys.a
START GROUP
LOAD c:/Users/Anima/AppData/Roaming/Code/User/globalStorage/bmd.stm32-for-vscode/@xpack-dev-tools/arm-none-eabi-gcc/13.2.1-1.1.1/.content/bin/../lib/gcc/arm-none-eabi/13.2.1/thumb/v7e-m+fp/hard\libgcc.a
LOAD c:/Users/Anima/AppData/Roaming/Code/User/globalStorage/bmd.stm32-for-vscode/@xpack-dev-tools/arm-none-eabi-gcc/13.2.1-1.1.1/.content/bin/../lib/gcc/arm-none-eabi/13.2.1/../../../../arm-none-eabi/lib/thumb/v7e-m+fp/hard\libc_nano.a
END GROUP
START GROUP
LOAD c:/Users/Anima/AppData/Roaming/Code/User/globalStorage/bmd.stm32-for-vscode/@xpack-dev-tools/arm-none-eabi-gcc/13.2.1-1.1.1/.content/bin/../lib/gcc/arm-none-eabi/13.2.1/thumb/v7e-m+fp/hard\libgcc.a
LOAD c:/Users/Anima/AppData/Roaming/Code/User/globalStorage/bmd.stm32-for-vscode/@xpack-dev-tools/arm-none-eabi-gcc/13.2.1-1.1.1/.content/bin/../lib/gcc/arm-none-eabi/13.2.1/../../../../arm-none-eabi/lib/thumb/v7e-m+fp/hard\libc_nano.a
END GROUP
LOAD c:/Users/Anima/AppData/Roaming/Code/User/globalStorage/bmd.stm32-for-vscode/@xpack-dev-tools/arm-none-eabi-gcc/13.2.1-1.1.1/.content/bin/../lib/gcc/arm-none-eabi/13.2.1/thumb/v7e-m+fp/hard/crtend.o
LOAD c:/Users/Anima/AppData/Roaming/Code/User/globalStorage/bmd.stm32-for-vscode/@xpack-dev-tools/arm-none-eabi-gcc/13.2.1-1.1.1/.content/bin/../lib/gcc/arm-none-eabi/13.2.1/thumb/v7e-m+fp/hard/crtn.o
                0x20050000                        _estack = (ORIGIN (RAM) + LENGTH (RAM))
                0x00000200                        _Min_Heap_Size = 0x200
                0x00000400                        _Min_Stack_Size = 0x400

.isr_vector     0x08000000      0x1c8
                0x08000000                        . = ALIGN (0x4)
 *(.isr_vector)
 .isr_vector    0x08000000      0x1c8 build/startup_stm32f746xx.o
                0x08000000                g_pfnVectors
                0x080001c8                        . = ALIGN (0x4)

.text           0x080001c8     0x2b8c
                0x080001c8                        . = ALIGN (0x4)
 *(.text)
 .text          0x080001c8       0x30 c:/Users/Anima/AppData/Roaming/Code/User/globalStorage/bmd.stm32-for-vscode/@xpack-dev-tools/arm-none-eabi-gcc/13.2.1-1.1.1/.content/bin/../lib/gcc/arm-none-eabi/13.2.1/thumb/v7e-m+fp/hard\libgcc.a(_aeabi_uldivmod.o)
                0x080001c8                __aeabi_uldivmod
 .text          0x080001f8        0x4 c:/Users/Anima/AppData/Roaming/Code/User/globalStorage/bmd.stm32-for-vscode/@xpack-dev-tools/arm-none-eabi-gcc/13.2.1-1.1.1/.content/bin/../lib/gcc/arm-none-eabi/13.2.1/thumb/v7e-m+fp/hard\libgcc.a(_dvmd_tls.o)
                0x080001f8                __aeabi_idiv0
                0x080001f8                __aeabi_ldiv0
 *(.text*)
 .text.__do_global_dtors_aux
                0x080001fc       0x24 c:/Users/Anima/AppData/Roaming/Code/User/globalStorage/bmd.stm32-for-vscode/@xpack-dev-tools/arm-none-eabi-gcc/13.2.1-1.1.1/.content/bin/../lib/gcc/arm-none-eabi/13.2.1/thumb/v7e-m+fp/hard/crtbegin.o
 .text.frame_dummy
                0x08000220       0x1c c:/Users/Anima/AppData/Roaming/Code/User/globalStorage/bmd.stm32-for-vscode/@xpack-dev-tools/arm-none-eabi-gcc/13.2.1-1.1.1/.content/bin/../lib/gcc/arm-none-eabi/13.2.1/thumb/v7e-m+fp/hard/crtbegin.o
 .text.MX_GPIO_Init
                0x0800023c      0x1d4 build/main.o
 .text.Error_Handler
                0x08000410        0x4 build/main.o
                0x08000410                Error_Handler
 .text.MX_I2C1_Init
                0x08000414       0x50 build/main.o
 .text.MX_I2C4_Init
                0x08000464       0x50 build/main.o
 .text.MX_TIM1_Init
                0x080004b4       0xc0 build/main.o
 .text.MX_USART3_UART_Init
                0x08000574       0x38 build/main.o
 .text.SystemClock_Config
                0x080005ac       0xa8 build/main.o
                0x080005ac                SystemClock_Config
 .text.main     0x08000654       0xc4 build/main.o
                0x08000654                main
 .text.pwm_init
                0x08000718      0x170 build/pwm_driver.o
                0x08000718                pwm_init
 .text.HAL_MspInit
                0x08000888       0x30 build/stm32f7xx_hal_msp.o
                0x08000888                HAL_MspInit
 .text.HAL_I2C_MspInit
                0x080008b8       0xf4 build/stm32f7xx_hal_msp.o
                0x080008b8                HAL_I2C_MspInit
 .text.HAL_TIM_PWM_MspInit
                0x080009ac       0x2c build/stm32f7xx_hal_msp.o
                0x080009ac                HAL_TIM_PWM_MspInit
 .text.HAL_TIM_MspPostInit
                0x080009d8       0x54 build/stm32f7xx_hal_msp.o
                0x080009d8                HAL_TIM_MspPostInit
 .text.HAL_UART_MspInit
                0x08000a2c       0x8c build/stm32f7xx_hal_msp.o
                0x08000a2c                HAL_UART_MspInit
 .text.NMI_Handler
                0x08000ab8        0x2 build/stm32f7xx_it.o
                0x08000ab8                NMI_Handler
 .text.HardFault_Handler
                0x08000aba        0x2 build/stm32f7xx_it.o
                0x08000aba                HardFault_Handler
 .text.MemManage_Handler
                0x08000abc        0x2 build/stm32f7xx_it.o
                0x08000abc                MemManage_Handler
 .text.BusFault_Handler
                0x08000abe        0x2 build/stm32f7xx_it.o
                0x08000abe                BusFault_Handler
 .text.UsageFault_Handler
                0x08000ac0        0x2 build/stm32f7xx_it.o
                0x08000ac0                UsageFault_Handler
 .text.SVC_Handler
                0x08000ac2        0x2 build/stm32f7xx_it.o
                0x08000ac2                SVC_Handler
 .text.DebugMon_Handler
                0x08000ac4        0x2 build/stm32f7xx_it.o
                0x08000ac4                DebugMon_Handler
 .text.PendSV_Handler
                0x08000ac6        0x2 build/stm32f7xx_it.o
                0x08000ac6                PendSV_Handler
 .text.SysTick_Handler
                0x08000ac8        0x8 build/stm32f7xx_it.o
                0x08000ac8                SysTick_Handler
 .text.SystemInit
                0x08000ad0       0x14 build/system_stm32f7xx.o
                0x08000ad0                SystemInit
 .text.HAL_InitTick
                0x08000ae4       0x4c build/stm32f7xx_hal.o
                0x08000ae4                HAL_InitTick
 .text.HAL_Init
                0x08000b30       0x16 build/stm32f7xx_hal.o
                0x08000b30                HAL_Init
 *fill*         0x08000b46        0x2 
 .text.HAL_IncTick
                0x08000b48       0x18 build/stm32f7xx_hal.o
                0x08000b48                HAL_IncTick
 .text.HAL_GetTick
                0x08000b60        0xc build/stm32f7xx_hal.o
                0x08000b60                HAL_GetTick
 .text.HAL_Delay
                0x08000b6c       0x28 build/stm32f7xx_hal.o
                0x08000b6c                HAL_Delay
 .text.__NVIC_SetPriority
                0x08000b94       0x24 build/stm32f7xx_hal_cortex.o
 .text.NVIC_EncodePriority
                0x08000bb8       0x3e build/stm32f7xx_hal_cortex.o
 *fill*         0x08000bf6        0x2 
 .text.HAL_NVIC_SetPriorityGrouping
                0x08000bf8       0x24 build/stm32f7xx_hal_cortex.o
                0x08000bf8                HAL_NVIC_SetPriorityGrouping
 .text.HAL_NVIC_SetPriority
                0x08000c1c       0x20 build/stm32f7xx_hal_cortex.o
                0x08000c1c                HAL_NVIC_SetPriority
 .text.HAL_SYSTICK_Config
                0x08000c3c       0x28 build/stm32f7xx_hal_cortex.o
                0x08000c3c                HAL_SYSTICK_Config
 .text.HAL_GPIO_Init
                0x08000c64      0x204 build/stm32f7xx_hal_gpio.o
                0x08000c64                HAL_GPIO_Init
 .text.HAL_GPIO_WritePin
                0x08000e68        0xc build/stm32f7xx_hal_gpio.o
                0x08000e68                HAL_GPIO_WritePin
 .text.HAL_I2C_Init
                0x08000e74       0xbc build/stm32f7xx_hal_i2c.o
                0x08000e74                HAL_I2C_Init
 .text.HAL_I2CEx_ConfigAnalogFilter
                0x08000f30       0x5c build/stm32f7xx_hal_i2c_ex.o
                0x08000f30                HAL_I2CEx_ConfigAnalogFilter
 .text.HAL_I2CEx_ConfigDigitalFilter
                0x08000f8c       0x58 build/stm32f7xx_hal_i2c_ex.o
                0x08000f8c                HAL_I2CEx_ConfigDigitalFilter
 .text.HAL_PWR_EnableBkUpAccess
                0x08000fe4       0x10 build/stm32f7xx_hal_pwr.o
                0x08000fe4                HAL_PWR_EnableBkUpAccess
 .text.HAL_RCC_OscConfig
                0x08000ff4      0x434 build/stm32f7xx_hal_rcc.o
                0x08000ff4                HAL_RCC_OscConfig
 .text.HAL_RCC_GetSysClockFreq
                0x08001428       0xdc build/stm32f7xx_hal_rcc.o
                0x08001428                HAL_RCC_GetSysClockFreq
 .text.HAL_RCC_ClockConfig
                0x08001504      0x16c build/stm32f7xx_hal_rcc.o
                0x08001504                HAL_RCC_ClockConfig
 .text.HAL_RCC_GetHCLKFreq
                0x08001670        0xc build/stm32f7xx_hal_rcc.o
                0x08001670                HAL_RCC_GetHCLKFreq
 .text.HAL_RCC_GetPCLK1Freq
                0x0800167c       0x20 build/stm32f7xx_hal_rcc.o
                0x0800167c                HAL_RCC_GetPCLK1Freq
 .text.HAL_RCC_GetPCLK2Freq
                0x0800169c       0x20 build/stm32f7xx_hal_rcc.o
                0x0800169c                HAL_RCC_GetPCLK2Freq
 .text.HAL_RCCEx_PeriphCLKConfig
                0x080016bc      0x5ac build/stm32f7xx_hal_rcc_ex.o
                0x080016bc                HAL_RCCEx_PeriphCLKConfig
 .text.TIM_OC1_SetConfig
                0x08001c68       0x68 build/stm32f7xx_hal_tim.o
 .text.TIM_OC3_SetConfig
                0x08001cd0       0x70 build/stm32f7xx_hal_tim.o
 .text.TIM_OC4_SetConfig
                0x08001d40       0x54 build/stm32f7xx_hal_tim.o
 .text.TIM_OC5_SetConfig
                0x08001d94       0x54 build/stm32f7xx_hal_tim.o
 .text.TIM_OC6_SetConfig
                0x08001de8       0x54 build/stm32f7xx_hal_tim.o
 .text.TIM_TI1_ConfigInputStage
                0x08001e3c       0x26 build/stm32f7xx_hal_tim.o
 .text.TIM_TI2_ConfigInputStage
                0x08001e62       0x28 build/stm32f7xx_hal_tim.o
 .text.TIM_ITRx_SetConfig
                0x08001e8a       0x10 build/stm32f7xx_hal_tim.o
 .text.HAL_TIM_Base_MspInit
                0x08001e9a        0x2 build/stm32f7xx_hal_tim.o
                0x08001e9a                HAL_TIM_Base_MspInit
 .text.TIM_Base_SetConfig
                0x08001e9c      0x110 build/stm32f7xx_hal_tim.o
                0x08001e9c                TIM_Base_SetConfig
 .text.HAL_TIM_Base_Init
                0x08001fac       0x60 build/stm32f7xx_hal_tim.o
                0x08001fac                HAL_TIM_Base_Init
 .text.HAL_TIM_PWM_Init
                0x0800200c       0x60 build/stm32f7xx_hal_tim.o
                0x0800200c                HAL_TIM_PWM_Init
 .text.TIM_OC2_SetConfig
                0x0800206c       0x70 build/stm32f7xx_hal_tim.o
                0x0800206c                TIM_OC2_SetConfig
 .text.HAL_TIM_PWM_ConfigChannel
                0x080020dc      0x13a build/stm32f7xx_hal_tim.o
                0x080020dc                HAL_TIM_PWM_ConfigChannel
 .text.TIM_ETR_SetConfig
                0x08002216       0x1a build/stm32f7xx_hal_tim.o
                0x08002216                TIM_ETR_SetConfig
 .text.HAL_TIM_ConfigClockSource
                0x08002230      0x100 build/stm32f7xx_hal_tim.o
                0x08002230                HAL_TIM_ConfigClockSource
 .text.HAL_TIMEx_MasterConfigSynchronization
                0x08002330       0xa0 build/stm32f7xx_hal_tim_ex.o
                0x08002330                HAL_TIMEx_MasterConfigSynchronization
 .text.HAL_TIMEx_ConfigBreakDeadTime
                0x080023d0       0x90 build/stm32f7xx_hal_tim_ex.o
                0x080023d0                HAL_TIMEx_ConfigBreakDeadTime
 .text.UART_SetConfig
                0x08002460      0x328 build/stm32f7xx_hal_uart.o
                0x08002460                UART_SetConfig
 .text.UART_AdvFeatureConfig
                0x08002788       0xca build/stm32f7xx_hal_uart.o
                0x08002788                UART_AdvFeatureConfig
 .text.UART_WaitOnFlagUntilTimeout
                0x08002852       0xd4 build/stm32f7xx_hal_uart.o
                0x08002852                UART_WaitOnFlagUntilTimeout
 .text.UART_CheckIdleState
                0x08002926       0x4c build/stm32f7xx_hal_uart.o
                0x08002926                UART_CheckIdleState
 .text.HAL_UART_Init
                0x08002972       0x62 build/stm32f7xx_hal_uart.o
                0x08002972                HAL_UART_Init
 .text.Reset_Handler
                0x080029d4       0x50 build/startup_stm32f746xx.o
                0x080029d4                Reset_Handler
 .text.Default_Handler
                0x08002a24        0x2 build/startup_stm32f746xx.o
                0x08002a24                RTC_Alarm_IRQHandler
                0x08002a24                EXTI2_IRQHandler
                0x08002a24                TIM8_CC_IRQHandler
                0x08002a24                UART8_IRQHandler
                0x08002a24                SPI4_IRQHandler
                0x08002a24                TIM1_CC_IRQHandler
                0x08002a24                DMA2_Stream5_IRQHandler
                0x08002a24                DMA1_Stream5_IRQHandler
                0x08002a24                PVD_IRQHandler
                0x08002a24                TAMP_STAMP_IRQHandler
                0x08002a24                CAN2_RX1_IRQHandler
                0x08002a24                EXTI3_IRQHandler
                0x08002a24                TIM8_TRG_COM_TIM14_IRQHandler
                0x08002a24                TIM1_UP_TIM10_IRQHandler
                0x08002a24                TIM8_UP_TIM13_IRQHandler
                0x08002a24                I2C3_ER_IRQHandler
                0x08002a24                EXTI0_IRQHandler
                0x08002a24                I2C2_EV_IRQHandler
                0x08002a24                DMA1_Stream2_IRQHandler
                0x08002a24                CAN1_RX0_IRQHandler
                0x08002a24                FPU_IRQHandler
                0x08002a24                OTG_HS_WKUP_IRQHandler
                0x08002a24                LTDC_ER_IRQHandler
                0x08002a24                CAN2_SCE_IRQHandler
                0x08002a24                DMA2_Stream2_IRQHandler
                0x08002a24                SPI1_IRQHandler
                0x08002a24                TIM6_DAC_IRQHandler
                0x08002a24                TIM1_BRK_TIM9_IRQHandler
                0x08002a24                DCMI_IRQHandler
                0x08002a24                CAN2_RX0_IRQHandler
                0x08002a24                DMA2_Stream3_IRQHandler
                0x08002a24                SAI2_IRQHandler
                0x08002a24                USART6_IRQHandler
                0x08002a24                USART3_IRQHandler
                0x08002a24                CAN1_RX1_IRQHandler
                0x08002a24                UART5_IRQHandler
                0x08002a24                DMA2_Stream0_IRQHandler
                0x08002a24                TIM4_IRQHandler
                0x08002a24                QUADSPI_IRQHandler
                0x08002a24                I2C1_EV_IRQHandler
                0x08002a24                DMA1_Stream6_IRQHandler
                0x08002a24                DMA1_Stream1_IRQHandler
                0x08002a24                UART4_IRQHandler
                0x08002a24                TIM3_IRQHandler
                0x08002a24                RCC_IRQHandler
                0x08002a24                TIM8_BRK_TIM12_IRQHandler
                0x08002a24                Default_Handler
                0x08002a24                CEC_IRQHandler
                0x08002a24                EXTI15_10_IRQHandler
                0x08002a24                ADC_IRQHandler
                0x08002a24                DMA1_Stream7_IRQHandler
                0x08002a24                SPI5_IRQHandler
                0x08002a24                TIM7_IRQHandler
                0x08002a24                SDMMC1_IRQHandler
                0x08002a24                CAN2_TX_IRQHandler
                0x08002a24                TIM5_IRQHandler
                0x08002a24                DMA2_Stream7_IRQHandler
                0x08002a24                I2C3_EV_IRQHandler
                0x08002a24                EXTI9_5_IRQHandler
                0x08002a24                RTC_WKUP_IRQHandler
                0x08002a24                LTDC_IRQHandler
                0x08002a24                ETH_WKUP_IRQHandler
                0x08002a24                SPDIF_RX_IRQHandler
                0x08002a24                SPI2_IRQHandler
                0x08002a24                OTG_HS_EP1_IN_IRQHandler
                0x08002a24                DMA1_Stream0_IRQHandler
                0x08002a24                CAN1_TX_IRQHandler
                0x08002a24                EXTI4_IRQHandler
                0x08002a24                RNG_IRQHandler
                0x08002a24                ETH_IRQHandler
                0x08002a24                OTG_HS_EP1_OUT_IRQHandler
                0x08002a24                WWDG_IRQHandler
                0x08002a24                SPI6_IRQHandler
                0x08002a24                I2C4_EV_IRQHandler
                0x08002a24                TIM2_IRQHandler
                0x08002a24                OTG_FS_WKUP_IRQHandler
                0x08002a24                TIM1_TRG_COM_TIM11_IRQHandler
                0x08002a24                OTG_HS_IRQHandler
                0x08002a24                DMA2D_IRQHandler
                0x08002a24                EXTI1_IRQHandler
                0x08002a24                UART7_IRQHandler
                0x08002a24                USART2_IRQHandler
                0x08002a24                I2C2_ER_IRQHandler
                0x08002a24                DMA2_Stream1_IRQHandler
                0x08002a24                CAN1_SCE_IRQHandler
                0x08002a24                FLASH_IRQHandler
                0x08002a24                DMA2_Stream4_IRQHandler
                0x08002a24                USART1_IRQHandler
                0x08002a24                OTG_FS_IRQHandler
                0x08002a24                SPI3_IRQHandler
                0x08002a24                DMA1_Stream4_IRQHandler
                0x08002a24                I2C1_ER_IRQHandler
                0x08002a24                FMC_IRQHandler
                0x08002a24                LPTIM1_IRQHandler
                0x08002a24                I2C4_ER_IRQHandler
                0x08002a24                DMA2_Stream6_IRQHandler
                0x08002a24                SAI1_IRQHandler
                0x08002a24                DMA1_Stream3_IRQHandler
 .text.memset   0x08002a26       0x10 c:/Users/Anima/AppData/Roaming/Code/User/globalStorage/bmd.stm32-for-vscode/@xpack-dev-tools/arm-none-eabi-gcc/13.2.1-1.1.1/.content/bin/../lib/gcc/arm-none-eabi/13.2.1/../../../../arm-none-eabi/lib/thumb/v7e-m+fp/hard\libc_nano.a(libc_a-memset.o)
                0x08002a26                memset
 *fill*         0x08002a36        0x2 
 .text.__libc_init_array
                0x08002a38       0x48 c:/Users/Anima/AppData/Roaming/Code/User/globalStorage/bmd.stm32-for-vscode/@xpack-dev-tools/arm-none-eabi-gcc/13.2.1-1.1.1/.content/bin/../lib/gcc/arm-none-eabi/13.2.1/../../../../arm-none-eabi/lib/thumb/v7e-m+fp/hard\libc_nano.a(libc_a-init.o)
                0x08002a38                __libc_init_array
 .text.__udivmoddi4
                0x08002a80      0x2bc c:/Users/Anima/AppData/Roaming/Code/User/globalStorage/bmd.stm32-for-vscode/@xpack-dev-tools/arm-none-eabi-gcc/13.2.1-1.1.1/.content/bin/../lib/gcc/arm-none-eabi/13.2.1/thumb/v7e-m+fp/hard\libgcc.a(_udivmoddi4.o)
                0x08002a80                __udivmoddi4
 *(.glue_7)
 .glue_7        0x08002d3c        0x0 linker stubs
 *(.glue_7t)
 .glue_7t       0x08002d3c        0x0 linker stubs
 *(.eh_frame)
 .eh_frame      0x08002d3c        0x0 c:/Users/Anima/AppData/Roaming/Code/User/globalStorage/bmd.stm32-for-vscode/@xpack-dev-tools/arm-none-eabi-gcc/13.2.1-1.1.1/.content/bin/../lib/gcc/arm-none-eabi/13.2.1/thumb/v7e-m+fp/hard/crtbegin.o
 *(.init)
 .init          0x08002d3c        0x4 c:/Users/Anima/AppData/Roaming/Code/User/globalStorage/bmd.stm32-for-vscode/@xpack-dev-tools/arm-none-eabi-gcc/13.2.1-1.1.1/.content/bin/../lib/gcc/arm-none-eabi/13.2.1/thumb/v7e-m+fp/hard/crti.o
                0x08002d3c                _init
 .init          0x08002d40        0x8 c:/Users/Anima/AppData/Roaming/Code/User/globalStorage/bmd.stm32-for-vscode/@xpack-dev-tools/arm-none-eabi-gcc/13.2.1-1.1.1/.content/bin/../lib/gcc/arm-none-eabi/13.2.1/thumb/v7e-m+fp/hard/crtn.o
 *(.fini)
 .fini          0x08002d48        0x4 c:/Users/Anima/AppData/Roaming/Code/User/globalStorage/bmd.stm32-for-vscode/@xpack-dev-tools/arm-none-eabi-gcc/13.2.1-1.1.1/.content/bin/../lib/gcc/arm-none-eabi/13.2.1/thumb/v7e-m+fp/hard/crti.o
                0x08002d48                _fini
 .fini          0x08002d4c        0x8 c:/Users/Anima/AppData/Roaming/Code/User/globalStorage/bmd.stm32-for-vscode/@xpack-dev-tools/arm-none-eabi-gcc/13.2.1-1.1.1/.content/bin/../lib/gcc/arm-none-eabi/13.2.1/thumb/v7e-m+fp/hard/crtn.o
                0x08002d54                        . = ALIGN (0x4)
                0x08002d54                        _etext = .

.vfp11_veneer   0x08002d54        0x0
 .vfp11_veneer  0x08002d54        0x0 linker stubs

.v4_bx          0x08002d54        0x0
 .v4_bx         0x08002d54        0x0 linker stubs

.iplt           0x08002d54        0x0
 .iplt          0x08002d54        0x0 c:/Users/Anima/AppData/Roaming/Code/User/globalStorage/bmd.stm32-for-vscode/@xpack-dev-tools/arm-none-eabi-gcc/13.2.1-1.1.1/.content/bin/../lib/gcc/arm-none-eabi/13.2.1/thumb/v7e-m+fp/hard/crtbegin.o

.rodata         0x08002d54       0x18
                0x08002d54                        . = ALIGN (0x4)
 *(.rodata)
 *(.rodata*)
 .rodata.APBPrescTable
                0x08002d54        0x8 build/system_stm32f7xx.o
                0x08002d54                APBPrescTable
 .rodata.AHBPrescTable
                0x08002d5c       0x10 build/system_stm32f7xx.o
                0x08002d5c                AHBPrescTable
                0x08002d6c                        . = ALIGN (0x4)

.ARM.extab
 *(.ARM.extab* .gnu.linkonce.armextab.*)

.ARM            0x08002d6c        0x8
                0x08002d6c                        __exidx_start = .
 *(.ARM.exidx*)
 .ARM.exidx.text.__udivmoddi4
                0x08002d6c        0x8 c:/Users/Anima/AppData/Roaming/Code/User/globalStorage/bmd.stm32-for-vscode/@xpack-dev-tools/arm-none-eabi-gcc/13.2.1-1.1.1/.content/bin/../lib/gcc/arm-none-eabi/13.2.1/thumb/v7e-m+fp/hard\libgcc.a(_udivmoddi4.o)
                0x08002d74                        __exidx_end = .

.rel.dyn        0x08002d74        0x0
 .rel.iplt      0x08002d74        0x0 c:/Users/Anima/AppData/Roaming/Code/User/globalStorage/bmd.stm32-for-vscode/@xpack-dev-tools/arm-none-eabi-gcc/13.2.1-1.1.1/.content/bin/../lib/gcc/arm-none-eabi/13.2.1/thumb/v7e-m+fp/hard/crtbegin.o

.preinit_array  0x08002d74        0x0
                0x08002d74                        PROVIDE (__preinit_array_start = .)
 *(.preinit_array*)
                0x08002d74                        PROVIDE (__preinit_array_end = .)

.init_array     0x08002d74        0x4
                0x08002d74                        PROVIDE (__init_array_start = .)
 *(SORT_BY_NAME(.init_array.*))
 *(.init_array*)
 .init_array    0x08002d74        0x4 c:/Users/Anima/AppData/Roaming/Code/User/globalStorage/bmd.stm32-for-vscode/@xpack-dev-tools/arm-none-eabi-gcc/13.2.1-1.1.1/.content/bin/../lib/gcc/arm-none-eabi/13.2.1/thumb/v7e-m+fp/hard/crtbegin.o
                0x08002d78                        PROVIDE (__init_array_end = .)

.fini_array     0x08002d78        0x4
                0x08002d78                        PROVIDE (__fini_array_start = .)
 *(SORT_BY_NAME(.fini_array.*))
 *(.fini_array*)
 .fini_array    0x08002d78        0x4 c:/Users/Anima/AppData/Roaming/Code/User/globalStorage/bmd.stm32-for-vscode/@xpack-dev-tools/arm-none-eabi-gcc/13.2.1-1.1.1/.content/bin/../lib/gcc/arm-none-eabi/13.2.1/thumb/v7e-m+fp/hard/crtbegin.o
                0x08002d7c                        PROVIDE (__fini_array_end = .)
                0x08002d7c                        _sidata = LOADADDR (.data)

.data           0x20000000        0xc load address 0x08002d7c
                0x20000000                        . = ALIGN (0x4)
                0x20000000                        _sdata = .
 *(.data)
 *(.data*)
 .data.SystemCoreClock
                0x20000000        0x4 build/system_stm32f7xx.o
                0x20000000                SystemCoreClock
 .data.uwTickFreq
                0x20000004        0x1 build/stm32f7xx_hal.o
                0x20000004                uwTickFreq
 *fill*         0x20000005        0x3 
 .data.uwTickPrio
                0x20000008        0x4 build/stm32f7xx_hal.o
                0x20000008                uwTickPrio
                0x2000000c                        . = ALIGN (0x4)
                0x2000000c                        _edata = .

.igot.plt       0x2000000c        0x0 load address 0x08002d88
 .igot.plt      0x2000000c        0x0 c:/Users/Anima/AppData/Roaming/Code/User/globalStorage/bmd.stm32-for-vscode/@xpack-dev-tools/arm-none-eabi-gcc/13.2.1-1.1.1/.content/bin/../lib/gcc/arm-none-eabi/13.2.1/thumb/v7e-m+fp/hard/crtbegin.o
                0x2000000c                        . = ALIGN (0x4)

.bss            0x2000000c      0x1ec load address 0x08002d88
                0x2000000c                        _sbss = .
                0x2000000c                        __bss_start__ = _sbss
 *(.bss)
 *(.bss*)
 .bss.completed.1
                0x2000000c        0x1 c:/Users/Anima/AppData/Roaming/Code/User/globalStorage/bmd.stm32-for-vscode/@xpack-dev-tools/arm-none-eabi-gcc/13.2.1-1.1.1/.content/bin/../lib/gcc/arm-none-eabi/13.2.1/thumb/v7e-m+fp/hard/crtbegin.o
 *fill*         0x2000000d        0x3 
 .bss.object.0  0x20000010       0x18 c:/Users/Anima/AppData/Roaming/Code/User/globalStorage/bmd.stm32-for-vscode/@xpack-dev-tools/arm-none-eabi-gcc/13.2.1-1.1.1/.content/bin/../lib/gcc/arm-none-eabi/13.2.1/thumb/v7e-m+fp/hard/crtbegin.o
 .bss.huart3    0x20000028       0x88 build/main.o
                0x20000028                huart3
 .bss.htim1     0x200000b0       0x4c build/main.o
                0x200000b0                htim1
 .bss.hi2c4     0x200000fc       0x54 build/main.o
                0x200000fc                hi2c4
 .bss.hi2c1     0x20000150       0x54 build/main.o
                0x20000150                hi2c1
 .bss.duty_scalar
                0x200001a4        0x4 build/pwm_driver.o
                0x200001a4                duty_scalar
 .bss.pwm_htim  0x200001a8       0x4c build/pwm_driver.o
                0x200001a8                pwm_htim
 .bss.uwTick    0x200001f4        0x4 build/stm32f7xx_hal.o
                0x200001f4                uwTick
 *(COMMON)
                0x200001f8                        . = ALIGN (0x4)
                0x200001f8                        _ebss = .
                0x200001f8                        __bss_end__ = _ebss

._user_heap_stack
                0x200001f8      0x600 load address 0x08002d88
                0x200001f8                        . = ALIGN (0x8)
                [!provide]                        PROVIDE (end = .)
                0x200001f8                        PROVIDE (_end = .)
                0x200003f8                        . = (. + _Min_Heap_Size)
 *fill*         0x200001f8      0x200 
                0x200007f8                        . = (. + _Min_Stack_Size)
 *fill*         0x200003f8      0x400 
                0x200007f8                        . = ALIGN (0x8)

/DISCARD/
 libc.a(*)
 libm.a(*)
 libgcc.a(*)

.ARM.attributes
                0x00000000       0x30
 *(.ARM.attributes)
 .ARM.attributes
                0x00000000       0x22 c:/Users/Anima/AppData/Roaming/Code/User/globalStorage/bmd.stm32-for-vscode/@xpack-dev-tools/arm-none-eabi-gcc/13.2.1-1.1.1/.content/bin/../lib/gcc/arm-none-eabi/13.2.1/thumb/v7e-m+fp/hard/crti.o
 .ARM.attributes
                0x00000022       0x34 c:/Users/Anima/AppData/Roaming/Code/User/globalStorage/bmd.stm32-for-vscode/@xpack-dev-tools/arm-none-eabi-gcc/13.2.1-1.1.1/.content/bin/../lib/gcc/arm-none-eabi/13.2.1/thumb/v7e-m+fp/hard/crtbegin.o
 .ARM.attributes
                0x00000056       0x34 build/main.o
 .ARM.attributes
                0x0000008a       0x34 build/pwm_driver.o
 .ARM.attributes
                0x000000be       0x34 build/stm32f7xx_hal_msp.o
 .ARM.attributes
                0x000000f2       0x34 build/stm32f7xx_it.o
 .ARM.attributes
                0x00000126       0x34 build/system_stm32f7xx.o
 .ARM.attributes
                0x0000015a       0x34 build/stm32f7xx_hal.o
 .ARM.attributes
                0x0000018e       0x34 build/stm32f7xx_hal_cortex.o
 .ARM.attributes
                0x000001c2       0x34 build/stm32f7xx_hal_gpio.o
 .ARM.attributes
                0x000001f6       0x34 build/stm32f7xx_hal_i2c.o
 .ARM.attributes
                0x0000022a       0x34 build/stm32f7xx_hal_i2c_ex.o
 .ARM.attributes
                0x0000025e       0x34 build/stm32f7xx_hal_pwr.o
 .ARM.attributes
                0x00000292       0x34 build/stm32f7xx_hal_rcc.o
 .ARM.attributes
                0x000002c6       0x34 build/stm32f7xx_hal_rcc_ex.o
 .ARM.attributes
                0x000002fa       0x34 build/stm32f7xx_hal_tim.o
 .ARM.attributes
                0x0000032e       0x34 build/stm32f7xx_hal_tim_ex.o
 .ARM.attributes
                0x00000362       0x34 build/stm32f7xx_hal_uart.o
 .ARM.attributes
                0x00000396       0x21 build/startup_stm32f746xx.o
 .ARM.attributes
                0x000003b7       0x34 c:/Users/Anima/AppData/Roaming/Code/User/globalStorage/bmd.stm32-for-vscode/@xpack-dev-tools/arm-none-eabi-gcc/13.2.1-1.1.1/.content/bin/../lib/gcc/arm-none-eabi/13.2.1/../../../../arm-none-eabi/lib/thumb/v7e-m+fp/hard\libc_nano.a(libc_a-memset.o)
 .ARM.attributes
                0x000003eb       0x34 c:/Users/Anima/AppData/Roaming/Code/User/globalStorage/bmd.stm32-for-vscode/@xpack-dev-tools/arm-none-eabi-gcc/13.2.1-1.1.1/.content/bin/../lib/gcc/arm-none-eabi/13.2.1/../../../../arm-none-eabi/lib/thumb/v7e-m+fp/hard\libc_nano.a(libc_a-init.o)
 .ARM.attributes
                0x0000041f       0x22 c:/Users/Anima/AppData/Roaming/Code/User/globalStorage/bmd.stm32-for-vscode/@xpack-dev-tools/arm-none-eabi-gcc/13.2.1-1.1.1/.content/bin/../lib/gcc/arm-none-eabi/13.2.1/thumb/v7e-m+fp/hard\libgcc.a(_aeabi_uldivmod.o)
 .ARM.attributes
                0x00000441       0x34 c:/Users/Anima/AppData/Roaming/Code/User/globalStorage/bmd.stm32-for-vscode/@xpack-dev-tools/arm-none-eabi-gcc/13.2.1-1.1.1/.content/bin/../lib/gcc/arm-none-eabi/13.2.1/thumb/v7e-m+fp/hard\libgcc.a(_udivmoddi4.o)
 .ARM.attributes
                0x00000475       0x22 c:/Users/Anima/AppData/Roaming/Code/User/globalStorage/bmd.stm32-for-vscode/@xpack-dev-tools/arm-none-eabi-gcc/13.2.1-1.1.1/.content/bin/../lib/gcc/arm-none-eabi/13.2.1/thumb/v7e-m+fp/hard\libgcc.a(_dvmd_tls.o)
 .ARM.attributes
                0x00000497       0x22 c:/Users/Anima/AppData/Roaming/Code/User/globalStorage/bmd.stm32-for-vscode/@xpack-dev-tools/arm-none-eabi-gcc/13.2.1-1.1.1/.content/bin/../lib/gcc/arm-none-eabi/13.2.1/thumb/v7e-m+fp/hard/crtn.o
OUTPUT(build/DPadapter.elf elf32-littlearm)
LOAD linker stubs
LOAD c:/Users/Anima/AppData/Roaming/Code/User/globalStorage/bmd.stm32-for-vscode/@xpack-dev-tools/arm-none-eabi-gcc/13.2.1-1.1.1/.content/bin/../lib/gcc/arm-none-eabi/13.2.1/../../../../arm-none-eabi/lib/thumb/v7e-m+fp/hard\libc.a
LOAD c:/Users/Anima/AppData/Roaming/Code/User/globalStorage/bmd.stm32-for-vscode/@xpack-dev-tools/arm-none-eabi-gcc/13.2.1-1.1.1/.content/bin/../lib/gcc/arm-none-eabi/13.2.1/../../../../arm-none-eabi/lib/thumb/v7e-m+fp/hard\libm.a
LOAD c:/Users/Anima/AppData/Roaming/Code/User/globalStorage/bmd.stm32-for-vscode/@xpack-dev-tools/arm-none-eabi-gcc/13.2.1-1.1.1/.content/bin/../lib/gcc/arm-none-eabi/13.2.1/thumb/v7e-m+fp/hard\libgcc.a

.comment        0x00000000       0x39
 .comment       0x00000000       0x39 c:/Users/Anima/AppData/Roaming/Code/User/globalStorage/bmd.stm32-for-vscode/@xpack-dev-tools/arm-none-eabi-gcc/13.2.1-1.1.1/.content/bin/../lib/gcc/arm-none-eabi/13.2.1/thumb/v7e-m+fp/hard/crtbegin.o
                                 0x3a (size before relaxing)
 .comment       0x00000039       0x3a build/main.o
 .comment       0x00000039       0x3a build/pwm_driver.o
 .comment       0x00000039       0x3a build/stm32f7xx_hal_msp.o
 .comment       0x00000039       0x3a build/stm32f7xx_it.o
 .comment       0x00000039       0x3a build/system_stm32f7xx.o
 .comment       0x00000039       0x3a build/stm32f7xx_hal.o
 .comment       0x00000039       0x3a build/stm32f7xx_hal_cortex.o
 .comment       0x00000039       0x3a build/stm32f7xx_hal_gpio.o
 .comment       0x00000039       0x3a build/stm32f7xx_hal_i2c.o
 .comment       0x00000039       0x3a build/stm32f7xx_hal_i2c_ex.o
 .comment       0x00000039       0x3a build/stm32f7xx_hal_pwr.o
 .comment       0x00000039       0x3a build/stm32f7xx_hal_rcc.o
 .comment       0x00000039       0x3a build/stm32f7xx_hal_rcc_ex.o
 .comment       0x00000039       0x3a build/stm32f7xx_hal_tim.o
 .comment       0x00000039       0x3a build/stm32f7xx_hal_tim_ex.o
 .comment       0x00000039       0x3a build/stm32f7xx_hal_uart.o
 .comment       0x00000039       0x3a c:/Users/Anima/AppData/Roaming/Code/User/globalStorage/bmd.stm32-for-vscode/@xpack-dev-tools/arm-none-eabi-gcc/13.2.1-1.1.1/.content/bin/../lib/gcc/arm-none-eabi/13.2.1/../../../../arm-none-eabi/lib/thumb/v7e-m+fp/hard\libc_nano.a(libc_a-memset.o)
 .comment       0x00000039       0x3a c:/Users/Anima/AppData/Roaming/Code/User/globalStorage/bmd.stm32-for-vscode/@xpack-dev-tools/arm-none-eabi-gcc/13.2.1-1.1.1/.content/bin/../lib/gcc/arm-none-eabi/13.2.1/../../../../arm-none-eabi/lib/thumb/v7e-m+fp/hard\libc_nano.a(libc_a-init.o)
 .comment       0x00000039       0x3a c:/Users/Anima/AppData/Roaming/Code/User/globalStorage/bmd.stm32-for-vscode/@xpack-dev-tools/arm-none-eabi-gcc/13.2.1-1.1.1/.content/bin/../lib/gcc/arm-none-eabi/13.2.1/thumb/v7e-m+fp/hard\libgcc.a(_udivmoddi4.o)

.debug_info     0x00000000    0x18628
 .debug_info    0x00000000     0x1cc9 build/main.o
 .debug_info    0x00001cc9     0x11be build/pwm_driver.o
 .debug_info    0x00002e87     0x1636 build/stm32f7xx_hal_msp.o
 .debug_info    0x000044bd      0x11c build/stm32f7xx_it.o
 .debug_info    0x000045d9      0x702 build/system_stm32f7xx.o
 .debug_info    0x00004cdb      0xa76 build/stm32f7xx_hal.o
 .debug_info    0x00005751     0x11ac build/stm32f7xx_hal_cortex.o
 .debug_info    0x000068fd      0x728 build/stm32f7xx_hal_gpio.o
 .debug_info    0x00007025     0x40fd build/stm32f7xx_hal_i2c.o
 .debug_info    0x0000b122      0x940 build/stm32f7xx_hal_i2c_ex.o
 .debug_info    0x0000ba62      0x92f build/stm32f7xx_hal_pwr.o
 .debug_info    0x0000c391      0xb16 build/stm32f7xx_hal_rcc.o
 .debug_info    0x0000cea7      0x7ee build/stm32f7xx_hal_rcc_ex.o
 .debug_info    0x0000d695     0x3cff build/stm32f7xx_hal_tim.o
 .debug_info    0x00011394     0x1bff build/stm32f7xx_hal_tim_ex.o
 .debug_info    0x00012f93     0x4f02 build/stm32f7xx_hal_uart.o
 .debug_info    0x00017e95       0x30 build/startup_stm32f746xx.o
 .debug_info    0x00017ec5       0x24 c:/Users/Anima/AppData/Roaming/Code/User/globalStorage/bmd.stm32-for-vscode/@xpack-dev-tools/arm-none-eabi-gcc/13.2.1-1.1.1/.content/bin/../lib/gcc/arm-none-eabi/13.2.1/thumb/v7e-m+fp/hard\libgcc.a(_aeabi_uldivmod.o)
 .debug_info    0x00017ee9      0x703 c:/Users/Anima/AppData/Roaming/Code/User/globalStorage/bmd.stm32-for-vscode/@xpack-dev-tools/arm-none-eabi-gcc/13.2.1-1.1.1/.content/bin/../lib/gcc/arm-none-eabi/13.2.1/thumb/v7e-m+fp/hard\libgcc.a(_udivmoddi4.o)
 .debug_info    0x000185ec       0x3c c:/Users/Anima/AppData/Roaming/Code/User/globalStorage/bmd.stm32-for-vscode/@xpack-dev-tools/arm-none-eabi-gcc/13.2.1-1.1.1/.content/bin/../lib/gcc/arm-none-eabi/13.2.1/thumb/v7e-m+fp/hard\libgcc.a(_dvmd_tls.o)

.debug_abbrev   0x00000000     0x25f9
 .debug_abbrev  0x00000000      0x302 build/main.o
 .debug_abbrev  0x00000302      0x28d build/pwm_driver.o
 .debug_abbrev  0x0000058f      0x279 build/stm32f7xx_hal_msp.o
 .debug_abbrev  0x00000808       0x7c build/stm32f7xx_it.o
 .debug_abbrev  0x00000884      0x13f build/system_stm32f7xx.o
 .debug_abbrev  0x000009c3      0x23f build/stm32f7xx_hal.o
 .debug_abbrev  0x00000c02      0x39d build/stm32f7xx_hal_cortex.o
 .debug_abbrev  0x00000f9f      0x202 build/stm32f7xx_hal_gpio.o
 .debug_abbrev  0x000011a1      0x292 build/stm32f7xx_hal_i2c.o
 .debug_abbrev  0x00001433      0x1c4 build/stm32f7xx_hal_i2c_ex.o
 .debug_abbrev  0x000015f7      0x1cf build/stm32f7xx_hal_pwr.o
 .debug_abbrev  0x000017c6      0x28e build/stm32f7xx_hal_rcc.o
 .debug_abbrev  0x00001a54      0x1e3 build/stm32f7xx_hal_rcc_ex.o
 .debug_abbrev  0x00001c37      0x271 build/stm32f7xx_hal_tim.o
 .debug_abbrev  0x00001ea8      0x26f build/stm32f7xx_hal_tim_ex.o
 .debug_abbrev  0x00002117      0x31a build/stm32f7xx_hal_uart.o
 .debug_abbrev  0x00002431       0x24 build/startup_stm32f746xx.o
 .debug_abbrev  0x00002455       0x14 c:/Users/Anima/AppData/Roaming/Code/User/globalStorage/bmd.stm32-for-vscode/@xpack-dev-tools/arm-none-eabi-gcc/13.2.1-1.1.1/.content/bin/../lib/gcc/arm-none-eabi/13.2.1/thumb/v7e-m+fp/hard\libgcc.a(_aeabi_uldivmod.o)
 .debug_abbrev  0x00002469      0x16a c:/Users/Anima/AppData/Roaming/Code/User/globalStorage/bmd.stm32-for-vscode/@xpack-dev-tools/arm-none-eabi-gcc/13.2.1-1.1.1/.content/bin/../lib/gcc/arm-none-eabi/13.2.1/thumb/v7e-m+fp/hard\libgcc.a(_udivmoddi4.o)
 .debug_abbrev  0x000025d3       0x26 c:/Users/Anima/AppData/Roaming/Code/User/globalStorage/bmd.stm32-for-vscode/@xpack-dev-tools/arm-none-eabi-gcc/13.2.1-1.1.1/.content/bin/../lib/gcc/arm-none-eabi/13.2.1/thumb/v7e-m+fp/hard\libgcc.a(_dvmd_tls.o)

.debug_aranges  0x00000000     0x1000
 .debug_aranges
                0x00000000       0x58 build/main.o
 .debug_aranges
                0x00000058       0x40 build/pwm_driver.o
 .debug_aranges
                0x00000098       0x58 build/stm32f7xx_hal_msp.o
 .debug_aranges
                0x000000f0       0x60 build/stm32f7xx_it.o
 .debug_aranges
                0x00000150       0x28 build/system_stm32f7xx.o
 .debug_aranges
                0x00000178      0x100 build/stm32f7xx_hal.o
 .debug_aranges
                0x00000278       0xd8 build/stm32f7xx_hal_cortex.o
 .debug_aranges
                0x00000350       0x58 build/stm32f7xx_hal_gpio.o
 .debug_aranges
                0x000003a8      0x2a0 build/stm32f7xx_hal_i2c.o
 .debug_aranges
                0x00000648       0x38 build/stm32f7xx_hal_i2c_ex.o
 .debug_aranges
                0x00000680       0xa0 build/stm32f7xx_hal_pwr.o
 .debug_aranges
                0x00000720       0x88 build/stm32f7xx_hal_rcc.o
 .debug_aranges
                0x000007a8       0x50 build/stm32f7xx_hal_rcc_ex.o
 .debug_aranges
                0x000007f8      0x3e0 build/stm32f7xx_hal_tim.o
 .debug_aranges
                0x00000bd8      0x178 build/stm32f7xx_hal_tim_ex.o
 .debug_aranges
                0x00000d50      0x228 build/stm32f7xx_hal_uart.o
 .debug_aranges
                0x00000f78       0x28 build/startup_stm32f746xx.o
 .debug_aranges
                0x00000fa0       0x20 c:/Users/Anima/AppData/Roaming/Code/User/globalStorage/bmd.stm32-for-vscode/@xpack-dev-tools/arm-none-eabi-gcc/13.2.1-1.1.1/.content/bin/../lib/gcc/arm-none-eabi/13.2.1/thumb/v7e-m+fp/hard\libgcc.a(_aeabi_uldivmod.o)
 .debug_aranges
                0x00000fc0       0x20 c:/Users/Anima/AppData/Roaming/Code/User/globalStorage/bmd.stm32-for-vscode/@xpack-dev-tools/arm-none-eabi-gcc/13.2.1-1.1.1/.content/bin/../lib/gcc/arm-none-eabi/13.2.1/thumb/v7e-m+fp/hard\libgcc.a(_udivmoddi4.o)
 .debug_aranges
                0x00000fe0       0x20 c:/Users/Anima/AppData/Roaming/Code/User/globalStorage/bmd.stm32-for-vscode/@xpack-dev-tools/arm-none-eabi-gcc/13.2.1-1.1.1/.content/bin/../lib/gcc/arm-none-eabi/13.2.1/thumb/v7e-m+fp/hard\libgcc.a(_dvmd_tls.o)

.debug_rnglists
                0x00000000      0xc9a
 .debug_rnglists
                0x00000000       0x41 build/main.o
 .debug_rnglists
                0x00000041       0x2c build/pwm_driver.o
 .debug_rnglists
                0x0000006d       0x3f build/stm32f7xx_hal_msp.o
 .debug_rnglists
                0x000000ac       0x43 build/stm32f7xx_it.o
 .debug_rnglists
                0x000000ef       0x1a build/system_stm32f7xx.o
 .debug_rnglists
                0x00000109       0xbb build/stm32f7xx_hal.o
 .debug_rnglists
                0x000001c4       0x9d build/stm32f7xx_hal_cortex.o
 .debug_rnglists
                0x00000261       0x3f build/stm32f7xx_hal_gpio.o
 .debug_rnglists
                0x000002a0      0x21b build/stm32f7xx_hal_i2c.o
 .debug_rnglists
                0x000004bb       0x25 build/stm32f7xx_hal_i2c_ex.o
 .debug_rnglists
                0x000004e0       0x74 build/stm32f7xx_hal_pwr.o
 .debug_rnglists
                0x00000554       0x67 build/stm32f7xx_hal_rcc.o
 .debug_rnglists
                0x000005bb       0x3a build/stm32f7xx_hal_rcc_ex.o
 .debug_rnglists
                0x000005f5      0x311 build/stm32f7xx_hal_tim.o
 .debug_rnglists
                0x00000906      0x128 build/stm32f7xx_hal_tim_ex.o
 .debug_rnglists
                0x00000a2e      0x1ba build/stm32f7xx_hal_uart.o
 .debug_rnglists
                0x00000be8       0x19 build/startup_stm32f746xx.o
 .debug_rnglists
                0x00000c01       0x99 c:/Users/Anima/AppData/Roaming/Code/User/globalStorage/bmd.stm32-for-vscode/@xpack-dev-tools/arm-none-eabi-gcc/13.2.1-1.1.1/.content/bin/../lib/gcc/arm-none-eabi/13.2.1/thumb/v7e-m+fp/hard\libgcc.a(_udivmoddi4.o)

.debug_line     0x00000000    0x14769
 .debug_line    0x00000000      0x902 build/main.o
 .debug_line    0x00000902      0x557 build/pwm_driver.o
 .debug_line    0x00000e59      0x59a build/stm32f7xx_hal_msp.o
 .debug_line    0x000013f3      0x13d build/stm32f7xx_it.o
 .debug_line    0x00001530      0x2f4 build/system_stm32f7xx.o
 .debug_line    0x00001824      0x643 build/stm32f7xx_hal.o
 .debug_line    0x00001e67      0x88c build/stm32f7xx_hal_cortex.o
 .debug_line    0x000026f3      0x7c5 build/stm32f7xx_hal_gpio.o
 .debug_line    0x00002eb8     0x4a30 build/stm32f7xx_hal_i2c.o
 .debug_line    0x000078e8      0x3a1 build/stm32f7xx_hal_i2c_ex.o
 .debug_line    0x00007c89      0x508 build/stm32f7xx_hal_pwr.o
 .debug_line    0x00008191      0xde0 build/stm32f7xx_hal_rcc.o
 .debug_line    0x00008f71      0xc7f build/stm32f7xx_hal_rcc_ex.o
 .debug_line    0x00009bf0     0x4979 build/stm32f7xx_hal_tim.o
 .debug_line    0x0000e569     0x1beb build/stm32f7xx_hal_tim_ex.o
 .debug_line    0x00010154     0x3f54 build/stm32f7xx_hal_uart.o
 .debug_line    0x000140a8       0x76 build/startup_stm32f746xx.o
 .debug_line    0x0001411e       0x4e c:/Users/Anima/AppData/Roaming/Code/User/globalStorage/bmd.stm32-for-vscode/@xpack-dev-tools/arm-none-eabi-gcc/13.2.1-1.1.1/.content/bin/../lib/gcc/arm-none-eabi/13.2.1/thumb/v7e-m+fp/hard\libgcc.a(_aeabi_uldivmod.o)
 .debug_line    0x0001416c      0x5b3 c:/Users/Anima/AppData/Roaming/Code/User/globalStorage/bmd.stm32-for-vscode/@xpack-dev-tools/arm-none-eabi-gcc/13.2.1-1.1.1/.content/bin/../lib/gcc/arm-none-eabi/13.2.1/thumb/v7e-m+fp/hard\libgcc.a(_udivmoddi4.o)
 .debug_line    0x0001471f       0x4a c:/Users/Anima/AppData/Roaming/Code/User/globalStorage/bmd.stm32-for-vscode/@xpack-dev-tools/arm-none-eabi-gcc/13.2.1-1.1.1/.content/bin/../lib/gcc/arm-none-eabi/13.2.1/thumb/v7e-m+fp/hard\libgcc.a(_dvmd_tls.o)

.debug_str      0x00000000     0x567c
 .debug_str     0x00000000     0x567c build/main.o
                               0x127c (size before relaxing)
 .debug_str     0x0000567c      0xc4c build/pwm_driver.o
 .debug_str     0x0000567c     0x1119 build/stm32f7xx_hal_msp.o
 .debug_str     0x0000567c      0x208 build/stm32f7xx_it.o
 .debug_str     0x0000567c      0x434 build/system_stm32f7xx.o
 .debug_str     0x0000567c      0xc3d build/stm32f7xx_hal.o
 .debug_str     0x0000567c      0xd88 build/stm32f7xx_hal_cortex.o
 .debug_str     0x0000567c      0x4d6 build/stm32f7xx_hal_gpio.o
 .debug_str     0x0000567c     0x1049 build/stm32f7xx_hal_i2c.o
 .debug_str     0x0000567c      0x8f0 build/stm32f7xx_hal_i2c_ex.o
 .debug_str     0x0000567c      0x616 build/stm32f7xx_hal_pwr.o
 .debug_str     0x0000567c      0x6f7 build/stm32f7xx_hal_rcc.o
 .debug_str     0x0000567c      0x6ce build/stm32f7xx_hal_rcc_ex.o
 .debug_str     0x0000567c     0x1747 build/stm32f7xx_hal_tim.o
 .debug_str     0x0000567c      0xf9d build/stm32f7xx_hal_tim_ex.o
 .debug_str     0x0000567c      0xfeb build/stm32f7xx_hal_uart.o
 .debug_str     0x0000567c       0x55 build/startup_stm32f746xx.o
 .debug_str     0x0000567c      0x120 c:/Users/Anima/AppData/Roaming/Code/User/globalStorage/bmd.stm32-for-vscode/@xpack-dev-tools/arm-none-eabi-gcc/13.2.1-1.1.1/.content/bin/../lib/gcc/arm-none-eabi/13.2.1/thumb/v7e-m+fp/hard\libgcc.a(_aeabi_uldivmod.o)
 .debug_str     0x0000567c      0x739 c:/Users/Anima/AppData/Roaming/Code/User/globalStorage/bmd.stm32-for-vscode/@xpack-dev-tools/arm-none-eabi-gcc/13.2.1-1.1.1/.content/bin/../lib/gcc/arm-none-eabi/13.2.1/thumb/v7e-m+fp/hard\libgcc.a(_udivmoddi4.o)
 .debug_str     0x0000567c      0x140 c:/Users/Anima/AppData/Roaming/Code/User/globalStorage/bmd.stm32-for-vscode/@xpack-dev-tools/arm-none-eabi-gcc/13.2.1-1.1.1/.content/bin/../lib/gcc/arm-none-eabi/13.2.1/thumb/v7e-m+fp/hard\libgcc.a(_dvmd_tls.o)

.debug_frame    0x00000000     0x2b3c
 .debug_frame   0x00000000       0xf0 build/main.o
 .debug_frame   0x000000f0       0x8c build/pwm_driver.o
 .debug_frame   0x0000017c       0xe8 build/stm32f7xx_hal_msp.o
 .debug_frame   0x00000264       0xa8 build/stm32f7xx_it.o
 .debug_frame   0x0000030c       0x30 build/system_stm32f7xx.o
 .debug_frame   0x0000033c      0x20c build/stm32f7xx_hal.o
 .debug_frame   0x00000548      0x1cc build/stm32f7xx_hal_cortex.o
 .debug_frame   0x00000714       0xd8 build/stm32f7xx_hal_gpio.o
 .debug_frame   0x000007ec      0x97c build/stm32f7xx_hal_i2c.o
 .debug_frame   0x00001168       0x60 build/stm32f7xx_hal_i2c_ex.o
 .debug_frame   0x000011c8      0x128 build/stm32f7xx_hal_pwr.o
 .debug_frame   0x000012f0      0x178 build/stm32f7xx_hal_rcc.o
 .debug_frame   0x00001468       0xc0 build/stm32f7xx_hal_rcc_ex.o
 .debug_frame   0x00001528      0xb68 build/stm32f7xx_hal_tim.o
 .debug_frame   0x00002090      0x450 build/stm32f7xx_hal_tim_ex.o
 .debug_frame   0x000024e0      0x5fc build/stm32f7xx_hal_uart.o
 .debug_frame   0x00002adc       0x2c c:/Users/Anima/AppData/Roaming/Code/User/globalStorage/bmd.stm32-for-vscode/@xpack-dev-tools/arm-none-eabi-gcc/13.2.1-1.1.1/.content/bin/../lib/gcc/arm-none-eabi/13.2.1/thumb/v7e-m+fp/hard\libgcc.a(_aeabi_uldivmod.o)
 .debug_frame   0x00002b08       0x34 c:/Users/Anima/AppData/Roaming/Code/User/globalStorage/bmd.stm32-for-vscode/@xpack-dev-tools/arm-none-eabi-gcc/13.2.1-1.1.1/.content/bin/../lib/gcc/arm-none-eabi/13.2.1/thumb/v7e-m+fp/hard\libgcc.a(_udivmoddi4.o)

.debug_loclists
                0x00000000     0xd634
 .debug_loclists
                0x00000000      0x117 build/pwm_driver.o
 .debug_loclists
                0x00000117      0x134 build/stm32f7xx_hal_msp.o
 .debug_loclists
                0x0000024b       0xfa build/system_stm32f7xx.o
 .debug_loclists
                0x00000345       0xe1 build/stm32f7xx_hal.o
 .debug_loclists
                0x00000426      0x512 build/stm32f7xx_hal_cortex.o
 .debug_loclists
                0x00000938      0x386 build/stm32f7xx_hal_gpio.o
 .debug_loclists
                0x00000cbe     0x3715 build/stm32f7xx_hal_i2c.o
 .debug_loclists
                0x000043d3       0xc9 build/stm32f7xx_hal_i2c_ex.o
 .debug_loclists
                0x0000449c       0x49 build/stm32f7xx_hal_pwr.o
 .debug_loclists
                0x000044e5      0x47e build/stm32f7xx_hal_rcc.o
 .debug_loclists
                0x00004963      0x55b build/stm32f7xx_hal_rcc_ex.o
 .debug_loclists
                0x00004ebe     0x39e4 build/stm32f7xx_hal_tim.o
 .debug_loclists
                0x000088a2     0x1732 build/stm32f7xx_hal_tim_ex.o
 .debug_loclists
                0x00009fd4     0x2c4b build/stm32f7xx_hal_uart.o
 .debug_loclists
                0x0000cc1f      0xa15 c:/Users/Anima/AppData/Roaming/Code/User/globalStorage/bmd.stm32-for-vscode/@xpack-dev-tools/arm-none-eabi-gcc/13.2.1-1.1.1/.content/bin/../lib/gcc/arm-none-eabi/13.2.1/thumb/v7e-m+fp/hard\libgcc.a(_udivmoddi4.o)

.debug_line_str
                0x00000000      0x157
 .debug_line_str
                0x00000000      0x157 build/startup_stm32f746xx.o
                                 0x39 (size before relaxing)
 .debug_line_str
                0x00000157      0x112 c:/Users/Anima/AppData/Roaming/Code/User/globalStorage/bmd.stm32-for-vscode/@xpack-dev-tools/arm-none-eabi-gcc/13.2.1-1.1.1/.content/bin/../lib/gcc/arm-none-eabi/13.2.1/thumb/v7e-m+fp/hard\libgcc.a(_aeabi_uldivmod.o)
 .debug_line_str
                0x00000157      0x116 c:/Users/Anima/AppData/Roaming/Code/User/globalStorage/bmd.stm32-for-vscode/@xpack-dev-tools/arm-none-eabi-gcc/13.2.1-1.1.1/.content/bin/../lib/gcc/arm-none-eabi/13.2.1/thumb/v7e-m+fp/hard\libgcc.a(_dvmd_tls.o)

Cross Reference Table

Symbol                                            File
ADC_IRQHandler                                    build/startup_stm32f746xx.o
AHBPrescTable                                     build/system_stm32f7xx.o
                                                  build/stm32f7xx_hal_rcc.o
APBPrescTable                                     build/system_stm32f7xx.o
                                                  build/stm32f7xx_hal_rcc.o
BusFault_Handler                                  build/stm32f7xx_it.o
CAN1_RX0_IRQHandler                               build/startup_stm32f746xx.o
CAN1_RX1_IRQHandler                               build/startup_stm32f746xx.o
CAN1_SCE_IRQHandler                               build/startup_stm32f746xx.o
CAN1_TX_IRQHandler                                build/startup_stm32f746xx.o
CAN2_RX0_IRQHandler                               build/startup_stm32f746xx.o
CAN2_RX1_IRQHandler                               build/startup_stm32f746xx.o
CAN2_SCE_IRQHandler                               build/startup_stm32f746xx.o
CAN2_TX_IRQHandler                                build/startup_stm32f746xx.o
CEC_IRQHandler                                    build/startup_stm32f746xx.o
DCMI_IRQHandler                                   build/startup_stm32f746xx.o
DMA1_Stream0_IRQHandler                           build/startup_stm32f746xx.o
DMA1_Stream1_IRQHandler                           build/startup_stm32f746xx.o
DMA1_Stream2_IRQHandler                           build/startup_stm32f746xx.o
DMA1_Stream3_IRQHandler                           build/startup_stm32f746xx.o
DMA1_Stream4_IRQHandler                           build/startup_stm32f746xx.o
DMA1_Stream5_IRQHandler                           build/startup_stm32f746xx.o
DMA1_Stream6_IRQHandler                           build/startup_stm32f746xx.o
DMA1_Stream7_IRQHandler                           build/startup_stm32f746xx.o
DMA2D_IRQHandler                                  build/startup_stm32f746xx.o
DMA2_Stream0_IRQHandler                           build/startup_stm32f746xx.o
DMA2_Stream1_IRQHandler                           build/startup_stm32f746xx.o
DMA2_Stream2_IRQHandler                           build/startup_stm32f746xx.o
DMA2_Stream3_IRQHandler                           build/startup_stm32f746xx.o
DMA2_Stream4_IRQHandler                           build/startup_stm32f746xx.o
DMA2_Stream5_IRQHandler                           build/startup_stm32f746xx.o
DMA2_Stream6_IRQHandler                           build/startup_stm32f746xx.o
DMA2_Stream7_IRQHandler                           build/startup_stm32f746xx.o
DebugMon_Handler                                  build/stm32f7xx_it.o
Default_Handler                                   build/startup_stm32f746xx.o
ETH_IRQHandler                                    build/startup_stm32f746xx.o
ETH_WKUP_IRQHandler                               build/startup_stm32f746xx.o
EXTI0_IRQHandler                                  build/startup_stm32f746xx.o
EXTI15_10_IRQHandler                              build/startup_stm32f746xx.o
EXTI1_IRQHandler                                  build/startup_stm32f746xx.o
EXTI2_IRQHandler                                  build/startup_stm32f746xx.o
EXTI3_IRQHandler                                  build/startup_stm32f746xx.o
EXTI4_IRQHandler                                  build/startup_stm32f746xx.o
EXTI9_5_IRQHandler                                build/startup_stm32f746xx.o
Error_Handler                                     build/main.o
                                                  build/stm32f7xx_hal_msp.o
                                                  build/pwm_driver.o
FLASH_Erase_Sector                                build/stm32f7xx_hal_flash_ex.o
                                                  build/stm32f7xx_hal_flash.o
FLASH_IRQHandler                                  build/startup_stm32f746xx.o
FLASH_WaitForLastOperation                        build/stm32f7xx_hal_flash.o
                                                  build/stm32f7xx_hal_flash_ex.o
FMC_IRQHandler                                    build/startup_stm32f746xx.o
FPU_IRQHandler                                    build/startup_stm32f746xx.o
HAL_DBGMCU_DisableDBGSleepMode                    build/stm32f7xx_hal.o
HAL_DBGMCU_DisableDBGStandbyMode                  build/stm32f7xx_hal.o
HAL_DBGMCU_DisableDBGStopMode                     build/stm32f7xx_hal.o
HAL_DBGMCU_EnableDBGSleepMode                     build/stm32f7xx_hal.o
HAL_DBGMCU_EnableDBGStandbyMode                   build/stm32f7xx_hal.o
HAL_DBGMCU_EnableDBGStopMode                      build/stm32f7xx_hal.o
HAL_DMAEx_ChangeMemory                            build/stm32f7xx_hal_dma_ex.o
HAL_DMAEx_MultiBufferStart                        build/stm32f7xx_hal_dma_ex.o
HAL_DMAEx_MultiBufferStart_IT                     build/stm32f7xx_hal_dma_ex.o
HAL_DMA_Abort                                     build/stm32f7xx_hal_dma.o
                                                  build/stm32f7xx_hal_uart.o
HAL_DMA_Abort_IT                                  build/stm32f7xx_hal_dma.o
                                                  build/stm32f7xx_hal_uart.o
                                                  build/stm32f7xx_hal_tim_ex.o
                                                  build/stm32f7xx_hal_tim.o
                                                  build/stm32f7xx_hal_i2c.o
HAL_DMA_DeInit                                    build/stm32f7xx_hal_dma.o
HAL_DMA_GetError                                  build/stm32f7xx_hal_dma.o
                                                  build/stm32f7xx_hal_uart.o
                                                  build/stm32f7xx_hal_i2c.o
HAL_DMA_GetState                                  build/stm32f7xx_hal_dma.o
                                                  build/stm32f7xx_hal_i2c.o
HAL_DMA_IRQHandler                                build/stm32f7xx_hal_dma.o
HAL_DMA_Init                                      build/stm32f7xx_hal_dma.o
HAL_DMA_PollForTransfer                           build/stm32f7xx_hal_dma.o
HAL_DMA_RegisterCallback                          build/stm32f7xx_hal_dma.o
HAL_DMA_Start                                     build/stm32f7xx_hal_dma.o
HAL_DMA_Start_IT                                  build/stm32f7xx_hal_dma.o
                                                  build/stm32f7xx_hal_uart.o
                                                  build/stm32f7xx_hal_tim_ex.o
                                                  build/stm32f7xx_hal_tim.o
                                                  build/stm32f7xx_hal_i2c.o
HAL_DMA_UnRegisterCallback                        build/stm32f7xx_hal_dma.o
HAL_DeInit                                        build/stm32f7xx_hal.o
HAL_Delay                                         build/stm32f7xx_hal.o
                                                  build/main.o
HAL_DisableCompensationCell                       build/stm32f7xx_hal.o
HAL_DisableFMCMemorySwapping                      build/stm32f7xx_hal.o
HAL_EXTI_ClearConfigLine                          build/stm32f7xx_hal_exti.o
HAL_EXTI_ClearPending                             build/stm32f7xx_hal_exti.o
HAL_EXTI_GenerateSWI                              build/stm32f7xx_hal_exti.o
HAL_EXTI_GetConfigLine                            build/stm32f7xx_hal_exti.o
HAL_EXTI_GetHandle                                build/stm32f7xx_hal_exti.o
HAL_EXTI_GetPending                               build/stm32f7xx_hal_exti.o
HAL_EXTI_IRQHandler                               build/stm32f7xx_hal_exti.o
HAL_EXTI_RegisterCallback                         build/stm32f7xx_hal_exti.o
HAL_EXTI_SetConfigLine                            build/stm32f7xx_hal_exti.o
HAL_EnableCompensationCell                        build/stm32f7xx_hal.o
HAL_EnableFMCMemorySwapping                       build/stm32f7xx_hal.o
HAL_FLASHEx_Erase                                 build/stm32f7xx_hal_flash_ex.o
HAL_FLASHEx_Erase_IT                              build/stm32f7xx_hal_flash_ex.o
HAL_FLASHEx_OBGetConfig                           build/stm32f7xx_hal_flash_ex.o
HAL_FLASHEx_OBProgram                             build/stm32f7xx_hal_flash_ex.o
HAL_FLASH_EndOfOperationCallback                  build/stm32f7xx_hal_flash.o
HAL_FLASH_GetError                                build/stm32f7xx_hal_flash.o
HAL_FLASH_IRQHandler                              build/stm32f7xx_hal_flash.o
HAL_FLASH_Lock                                    build/stm32f7xx_hal_flash.o
HAL_FLASH_OB_Launch                               build/stm32f7xx_hal_flash.o
HAL_FLASH_OB_Lock                                 build/stm32f7xx_hal_flash.o
HAL_FLASH_OB_Unlock                               build/stm32f7xx_hal_flash.o
HAL_FLASH_OperationErrorCallback                  build/stm32f7xx_hal_flash.o
HAL_FLASH_Program                                 build/stm32f7xx_hal_flash.o
HAL_FLASH_Program_IT                              build/stm32f7xx_hal_flash.o
HAL_FLASH_Unlock                                  build/stm32f7xx_hal_flash.o
HAL_GPIO_DeInit                                   build/stm32f7xx_hal_gpio.o
                                                  build/stm32f7xx_hal_msp.o
HAL_GPIO_EXTI_Callback                            build/stm32f7xx_hal_gpio.o
HAL_GPIO_EXTI_IRQHandler                          build/stm32f7xx_hal_gpio.o
HAL_GPIO_Init                                     build/stm32f7xx_hal_gpio.o
                                                  build/stm32f7xx_hal_rcc.o
                                                  build/stm32f7xx_hal_msp.o
                                                  build/pwm_driver.o
                                                  build/main.o
HAL_GPIO_LockPin                                  build/stm32f7xx_hal_gpio.o
HAL_GPIO_ReadPin                                  build/stm32f7xx_hal_gpio.o
HAL_GPIO_TogglePin                                build/stm32f7xx_hal_gpio.o
HAL_GPIO_WritePin                                 build/stm32f7xx_hal_gpio.o
                                                  build/main.o
HAL_GetDEVID                                      build/stm32f7xx_hal.o
HAL_GetHalVersion                                 build/stm32f7xx_hal.o
HAL_GetREVID                                      build/stm32f7xx_hal.o
HAL_GetTick                                       build/stm32f7xx_hal.o
                                                  build/stm32f7xx_hal_uart_ex.o
                                                  build/stm32f7xx_hal_uart.o
                                                  build/stm32f7xx_hal_rcc_ex.o
                                                  build/stm32f7xx_hal_rcc.o
                                                  build/stm32f7xx_hal_pwr_ex.o
                                                  build/stm32f7xx_hal_i2c.o
                                                  build/stm32f7xx_hal_flash.o
                                                  build/stm32f7xx_hal_dma.o
HAL_GetTickFreq                                   build/stm32f7xx_hal.o
HAL_GetTickPrio                                   build/stm32f7xx_hal.o
HAL_GetUIDw0                                      build/stm32f7xx_hal.o
HAL_GetUIDw1                                      build/stm32f7xx_hal.o
HAL_GetUIDw2                                      build/stm32f7xx_hal.o
HAL_HalfDuplex_EnableReceiver                     build/stm32f7xx_hal_uart.o
HAL_HalfDuplex_EnableTransmitter                  build/stm32f7xx_hal_uart.o
HAL_HalfDuplex_Init                               build/stm32f7xx_hal_uart.o
HAL_I2CEx_ConfigAnalogFilter                      build/stm32f7xx_hal_i2c_ex.o
                                                  build/main.o
HAL_I2CEx_ConfigDigitalFilter                     build/stm32f7xx_hal_i2c_ex.o
                                                  build/main.o
HAL_I2CEx_DisableFastModePlus                     build/stm32f7xx_hal_i2c_ex.o
HAL_I2CEx_EnableFastModePlus                      build/stm32f7xx_hal_i2c_ex.o
HAL_I2C_AbortCpltCallback                         build/stm32f7xx_hal_i2c.o
HAL_I2C_AddrCallback                              build/stm32f7xx_hal_i2c.o
HAL_I2C_DeInit                                    build/stm32f7xx_hal_i2c.o
HAL_I2C_DisableListen_IT                          build/stm32f7xx_hal_i2c.o
HAL_I2C_ER_IRQHandler                             build/stm32f7xx_hal_i2c.o
HAL_I2C_EV_IRQHandler                             build/stm32f7xx_hal_i2c.o
HAL_I2C_EnableListen_IT                           build/stm32f7xx_hal_i2c.o
HAL_I2C_ErrorCallback                             build/stm32f7xx_hal_i2c.o
HAL_I2C_GetError                                  build/stm32f7xx_hal_i2c.o
HAL_I2C_GetMode                                   build/stm32f7xx_hal_i2c.o
HAL_I2C_GetState                                  build/stm32f7xx_hal_i2c.o
HAL_I2C_Init                                      build/stm32f7xx_hal_i2c.o
                                                  build/main.o
HAL_I2C_IsDeviceReady                             build/stm32f7xx_hal_i2c.o
HAL_I2C_ListenCpltCallback                        build/stm32f7xx_hal_i2c.o
HAL_I2C_MasterRxCpltCallback                      build/stm32f7xx_hal_i2c.o
HAL_I2C_MasterTxCpltCallback                      build/stm32f7xx_hal_i2c.o
HAL_I2C_Master_Abort_IT                           build/stm32f7xx_hal_i2c.o
HAL_I2C_Master_Receive                            build/stm32f7xx_hal_i2c.o
HAL_I2C_Master_Receive_DMA                        build/stm32f7xx_hal_i2c.o
HAL_I2C_Master_Receive_IT                         build/stm32f7xx_hal_i2c.o
HAL_I2C_Master_Seq_Receive_DMA                    build/stm32f7xx_hal_i2c.o
HAL_I2C_Master_Seq_Receive_IT                     build/stm32f7xx_hal_i2c.o
HAL_I2C_Master_Seq_Transmit_DMA                   build/stm32f7xx_hal_i2c.o
HAL_I2C_Master_Seq_Transmit_IT                    build/stm32f7xx_hal_i2c.o
HAL_I2C_Master_Transmit                           build/stm32f7xx_hal_i2c.o
HAL_I2C_Master_Transmit_DMA                       build/stm32f7xx_hal_i2c.o
HAL_I2C_Master_Transmit_IT                        build/stm32f7xx_hal_i2c.o
HAL_I2C_MemRxCpltCallback                         build/stm32f7xx_hal_i2c.o
HAL_I2C_MemTxCpltCallback                         build/stm32f7xx_hal_i2c.o
HAL_I2C_Mem_Read                                  build/stm32f7xx_hal_i2c.o
HAL_I2C_Mem_Read_DMA                              build/stm32f7xx_hal_i2c.o
HAL_I2C_Mem_Read_IT                               build/stm32f7xx_hal_i2c.o
HAL_I2C_Mem_Write                                 build/stm32f7xx_hal_i2c.o
HAL_I2C_Mem_Write_DMA                             build/stm32f7xx_hal_i2c.o
HAL_I2C_Mem_Write_IT                              build/stm32f7xx_hal_i2c.o
HAL_I2C_MspDeInit                                 build/stm32f7xx_hal_msp.o
HAL_I2C_MspInit                                   build/stm32f7xx_hal_msp.o
HAL_I2C_SlaveRxCpltCallback                       build/stm32f7xx_hal_i2c.o
HAL_I2C_SlaveTxCpltCallback                       build/stm32f7xx_hal_i2c.o
HAL_I2C_Slave_Receive                             build/stm32f7xx_hal_i2c.o
HAL_I2C_Slave_Receive_DMA                         build/stm32f7xx_hal_i2c.o
HAL_I2C_Slave_Receive_IT                          build/stm32f7xx_hal_i2c.o
HAL_I2C_Slave_Seq_Receive_DMA                     build/stm32f7xx_hal_i2c.o
HAL_I2C_Slave_Seq_Receive_IT                      build/stm32f7xx_hal_i2c.o
HAL_I2C_Slave_Seq_Transmit_DMA                    build/stm32f7xx_hal_i2c.o
HAL_I2C_Slave_Seq_Transmit_IT                     build/stm32f7xx_hal_i2c.o
HAL_I2C_Slave_Transmit                            build/stm32f7xx_hal_i2c.o
HAL_I2C_Slave_Transmit_DMA                        build/stm32f7xx_hal_i2c.o
HAL_I2C_Slave_Transmit_IT                         build/stm32f7xx_hal_i2c.o
HAL_IncTick                                       build/stm32f7xx_hal.o
                                                  build/stm32f7xx_it.o
HAL_Init                                          build/stm32f7xx_hal.o
                                                  build/main.o
HAL_InitTick                                      build/stm32f7xx_hal.o
                                                  build/stm32f7xx_hal_rcc.o
HAL_LIN_Init                                      build/stm32f7xx_hal_uart.o
HAL_LIN_SendBreak                                 build/stm32f7xx_hal_uart.o
HAL_MPU_ConfigRegion                              build/stm32f7xx_hal_cortex.o
HAL_MPU_Disable                                   build/stm32f7xx_hal_cortex.o
HAL_MPU_Enable                                    build/stm32f7xx_hal_cortex.o
HAL_MspDeInit                                     build/stm32f7xx_hal.o
HAL_MspInit                                       build/stm32f7xx_hal_msp.o
HAL_MultiProcessorEx_AddressLength_Set            build/stm32f7xx_hal_uart_ex.o
HAL_MultiProcessor_DisableMuteMode                build/stm32f7xx_hal_uart.o
HAL_MultiProcessor_EnableMuteMode                 build/stm32f7xx_hal_uart.o
HAL_MultiProcessor_EnterMuteMode                  build/stm32f7xx_hal_uart.o
HAL_MultiProcessor_Init                           build/stm32f7xx_hal_uart.o
HAL_NVIC_ClearPendingIRQ                          build/stm32f7xx_hal_cortex.o
HAL_NVIC_DisableIRQ                               build/stm32f7xx_hal_cortex.o
HAL_NVIC_EnableIRQ                                build/stm32f7xx_hal_cortex.o
HAL_NVIC_GetActive                                build/stm32f7xx_hal_cortex.o
HAL_NVIC_GetPendingIRQ                            build/stm32f7xx_hal_cortex.o
HAL_NVIC_GetPriority                              build/stm32f7xx_hal_cortex.o
HAL_NVIC_GetPriorityGrouping                      build/stm32f7xx_hal_cortex.o
HAL_NVIC_SetPendingIRQ                            build/stm32f7xx_hal_cortex.o
HAL_NVIC_SetPriority                              build/stm32f7xx_hal_cortex.o
                                                  build/stm32f7xx_hal.o
HAL_NVIC_SetPriorityGrouping                      build/stm32f7xx_hal_cortex.o
                                                  build/stm32f7xx_hal.o
HAL_NVIC_SystemReset                              build/stm32f7xx_hal_cortex.o
HAL_PWREx_ControlVoltageScaling                   build/stm32f7xx_hal_pwr_ex.o
HAL_PWREx_DisableBkUpReg                          build/stm32f7xx_hal_pwr_ex.o
HAL_PWREx_DisableFlashPowerDown                   build/stm32f7xx_hal_pwr_ex.o
HAL_PWREx_DisableLowRegulatorLowVoltage           build/stm32f7xx_hal_pwr_ex.o
HAL_PWREx_DisableMainRegulatorLowVoltage          build/stm32f7xx_hal_pwr_ex.o
HAL_PWREx_DisableOverDrive                        build/stm32f7xx_hal_pwr_ex.o
HAL_PWREx_EnableBkUpReg                           build/stm32f7xx_hal_pwr_ex.o
HAL_PWREx_EnableFlashPowerDown                    build/stm32f7xx_hal_pwr_ex.o
HAL_PWREx_EnableLowRegulatorLowVoltage            build/stm32f7xx_hal_pwr_ex.o
HAL_PWREx_EnableMainRegulatorLowVoltage           build/stm32f7xx_hal_pwr_ex.o
HAL_PWREx_EnableOverDrive                         build/stm32f7xx_hal_pwr_ex.o
HAL_PWREx_EnterUnderDriveSTOPMode                 build/stm32f7xx_hal_pwr_ex.o
HAL_PWREx_GetVoltageRange                         build/stm32f7xx_hal_pwr_ex.o
HAL_PWR_ConfigPVD                                 build/stm32f7xx_hal_pwr.o
HAL_PWR_DeInit                                    build/stm32f7xx_hal_pwr.o
HAL_PWR_DisableBkUpAccess                         build/stm32f7xx_hal_pwr.o
HAL_PWR_DisablePVD                                build/stm32f7xx_hal_pwr.o
HAL_PWR_DisableSEVOnPend                          build/stm32f7xx_hal_pwr.o
HAL_PWR_DisableSleepOnExit                        build/stm32f7xx_hal_pwr.o
HAL_PWR_DisableWakeUpPin                          build/stm32f7xx_hal_pwr.o
HAL_PWR_EnableBkUpAccess                          build/stm32f7xx_hal_pwr.o
                                                  build/main.o
HAL_PWR_EnablePVD                                 build/stm32f7xx_hal_pwr.o
HAL_PWR_EnableSEVOnPend                           build/stm32f7xx_hal_pwr.o
HAL_PWR_EnableSleepOnExit                         build/stm32f7xx_hal_pwr.o
HAL_PWR_EnableWakeUpPin                           build/stm32f7xx_hal_pwr.o
HAL_PWR_EnterSLEEPMode                            build/stm32f7xx_hal_pwr.o
HAL_PWR_EnterSTANDBYMode                          build/stm32f7xx_hal_pwr.o
HAL_PWR_EnterSTOPMode                             build/stm32f7xx_hal_pwr.o
HAL_PWR_PVDCallback                               build/stm32f7xx_hal_pwr.o
HAL_PWR_PVD_IRQHandler                            build/stm32f7xx_hal_pwr.o
HAL_RCCEx_DisablePLLI2S                           build/stm32f7xx_hal_rcc_ex.o
HAL_RCCEx_DisablePLLSAI                           build/stm32f7xx_hal_rcc_ex.o
HAL_RCCEx_EnablePLLI2S                            build/stm32f7xx_hal_rcc_ex.o
HAL_RCCEx_EnablePLLSAI                            build/stm32f7xx_hal_rcc_ex.o
HAL_RCCEx_GetPeriphCLKConfig                      build/stm32f7xx_hal_rcc_ex.o
HAL_RCCEx_GetPeriphCLKFreq                        build/stm32f7xx_hal_rcc_ex.o
HAL_RCCEx_PeriphCLKConfig                         build/stm32f7xx_hal_rcc_ex.o
                                                  build/stm32f7xx_hal_msp.o
HAL_RCC_CSSCallback                               build/stm32f7xx_hal_rcc.o
HAL_RCC_ClockConfig                               build/stm32f7xx_hal_rcc.o
                                                  build/main.o
HAL_RCC_DeInit                                    build/stm32f7xx_hal_rcc.o
HAL_RCC_DisableCSS                                build/stm32f7xx_hal_rcc.o
HAL_RCC_EnableCSS                                 build/stm32f7xx_hal_rcc.o
HAL_RCC_GetClockConfig                            build/stm32f7xx_hal_rcc.o
HAL_RCC_GetHCLKFreq                               build/stm32f7xx_hal_rcc.o
HAL_RCC_GetOscConfig                              build/stm32f7xx_hal_rcc.o
HAL_RCC_GetPCLK1Freq                              build/stm32f7xx_hal_rcc.o
                                                  build/stm32f7xx_hal_uart.o
HAL_RCC_GetPCLK2Freq                              build/stm32f7xx_hal_rcc.o
                                                  build/stm32f7xx_hal_uart.o
HAL_RCC_GetSysClockFreq                           build/stm32f7xx_hal_rcc.o
                                                  build/stm32f7xx_hal_uart.o
HAL_RCC_MCOConfig                                 build/stm32f7xx_hal_rcc.o
HAL_RCC_NMI_IRQHandler                            build/stm32f7xx_hal_rcc.o
HAL_RCC_OscConfig                                 build/stm32f7xx_hal_rcc.o
                                                  build/main.o
HAL_RS485Ex_Init                                  build/stm32f7xx_hal_uart_ex.o
HAL_ResumeTick                                    build/stm32f7xx_hal.o
HAL_SYSTICK_CLKSourceConfig                       build/stm32f7xx_hal_cortex.o
HAL_SYSTICK_Callback                              build/stm32f7xx_hal_cortex.o
HAL_SYSTICK_Config                                build/stm32f7xx_hal_cortex.o
                                                  build/stm32f7xx_hal.o
HAL_SYSTICK_IRQHandler                            build/stm32f7xx_hal_cortex.o
HAL_SetTickFreq                                   build/stm32f7xx_hal.o
HAL_SuspendTick                                   build/stm32f7xx_hal.o
HAL_TIMEx_Break2Callback                          build/stm32f7xx_hal_tim_ex.o
                                                  build/stm32f7xx_hal_tim.o
HAL_TIMEx_BreakCallback                           build/stm32f7xx_hal_tim_ex.o
                                                  build/stm32f7xx_hal_tim.o
HAL_TIMEx_CommutCallback                          build/stm32f7xx_hal_tim_ex.o
                                                  build/stm32f7xx_hal_tim.o
HAL_TIMEx_CommutHalfCpltCallback                  build/stm32f7xx_hal_tim_ex.o
HAL_TIMEx_ConfigBreakDeadTime                     build/stm32f7xx_hal_tim_ex.o
                                                  build/pwm_driver.o
                                                  build/main.o
HAL_TIMEx_ConfigCommutEvent                       build/stm32f7xx_hal_tim_ex.o
HAL_TIMEx_ConfigCommutEvent_DMA                   build/stm32f7xx_hal_tim_ex.o
HAL_TIMEx_ConfigCommutEvent_IT                    build/stm32f7xx_hal_tim_ex.o
HAL_TIMEx_GetChannelNState                        build/stm32f7xx_hal_tim_ex.o
HAL_TIMEx_GroupChannel5                           build/stm32f7xx_hal_tim_ex.o
HAL_TIMEx_HallSensor_DeInit                       build/stm32f7xx_hal_tim_ex.o
HAL_TIMEx_HallSensor_GetState                     build/stm32f7xx_hal_tim_ex.o
HAL_TIMEx_HallSensor_Init                         build/stm32f7xx_hal_tim_ex.o
HAL_TIMEx_HallSensor_MspDeInit                    build/stm32f7xx_hal_tim_ex.o
HAL_TIMEx_HallSensor_MspInit                      build/stm32f7xx_hal_tim_ex.o
HAL_TIMEx_HallSensor_Start                        build/stm32f7xx_hal_tim_ex.o
HAL_TIMEx_HallSensor_Start_DMA                    build/stm32f7xx_hal_tim_ex.o
HAL_TIMEx_HallSensor_Start_IT                     build/stm32f7xx_hal_tim_ex.o
HAL_TIMEx_HallSensor_Stop                         build/stm32f7xx_hal_tim_ex.o
HAL_TIMEx_HallSensor_Stop_DMA                     build/stm32f7xx_hal_tim_ex.o
HAL_TIMEx_HallSensor_Stop_IT                      build/stm32f7xx_hal_tim_ex.o
HAL_TIMEx_MasterConfigSynchronization             build/stm32f7xx_hal_tim_ex.o
                                                  build/pwm_driver.o
                                                  build/main.o
HAL_TIMEx_OCN_Start                               build/stm32f7xx_hal_tim_ex.o
HAL_TIMEx_OCN_Start_DMA                           build/stm32f7xx_hal_tim_ex.o
HAL_TIMEx_OCN_Start_IT                            build/stm32f7xx_hal_tim_ex.o
HAL_TIMEx_OCN_Stop                                build/stm32f7xx_hal_tim_ex.o
HAL_TIMEx_OCN_Stop_DMA                            build/stm32f7xx_hal_tim_ex.o
HAL_TIMEx_OCN_Stop_IT                             build/stm32f7xx_hal_tim_ex.o
HAL_TIMEx_OnePulseN_Start                         build/stm32f7xx_hal_tim_ex.o
HAL_TIMEx_OnePulseN_Start_IT                      build/stm32f7xx_hal_tim_ex.o
HAL_TIMEx_OnePulseN_Stop                          build/stm32f7xx_hal_tim_ex.o
HAL_TIMEx_OnePulseN_Stop_IT                       build/stm32f7xx_hal_tim_ex.o
HAL_TIMEx_PWMN_Start                              build/stm32f7xx_hal_tim_ex.o
                                                  build/pwm_driver.o
HAL_TIMEx_PWMN_Start_DMA                          build/stm32f7xx_hal_tim_ex.o
HAL_TIMEx_PWMN_Start_IT                           build/stm32f7xx_hal_tim_ex.o
HAL_TIMEx_PWMN_Stop                               build/stm32f7xx_hal_tim_ex.o
                                                  build/pwm_driver.o
HAL_TIMEx_PWMN_Stop_DMA                           build/stm32f7xx_hal_tim_ex.o
HAL_TIMEx_PWMN_Stop_IT                            build/stm32f7xx_hal_tim_ex.o
HAL_TIMEx_RemapConfig                             build/stm32f7xx_hal_tim_ex.o
HAL_TIM_Base_DeInit                               build/stm32f7xx_hal_tim.o
HAL_TIM_Base_GetState                             build/stm32f7xx_hal_tim.o
HAL_TIM_Base_Init                                 build/stm32f7xx_hal_tim.o
                                                  build/pwm_driver.o
HAL_TIM_Base_MspDeInit                            build/stm32f7xx_hal_tim.o
HAL_TIM_Base_MspInit                              build/stm32f7xx_hal_tim.o
HAL_TIM_Base_Start                                build/stm32f7xx_hal_tim.o
HAL_TIM_Base_Start_DMA                            build/stm32f7xx_hal_tim.o
HAL_TIM_Base_Start_IT                             build/stm32f7xx_hal_tim.o
HAL_TIM_Base_Stop                                 build/stm32f7xx_hal_tim.o
HAL_TIM_Base_Stop_DMA                             build/stm32f7xx_hal_tim.o
HAL_TIM_Base_Stop_IT                              build/stm32f7xx_hal_tim.o
HAL_TIM_ConfigClockSource                         build/stm32f7xx_hal_tim.o
                                                  build/pwm_driver.o
HAL_TIM_ConfigOCrefClear                          build/stm32f7xx_hal_tim.o
HAL_TIM_ConfigTI1Input                            build/stm32f7xx_hal_tim.o
HAL_TIM_DMABurstState                             build/stm32f7xx_hal_tim.o
HAL_TIM_DMABurst_MultiReadStart                   build/stm32f7xx_hal_tim.o
HAL_TIM_DMABurst_MultiWriteStart                  build/stm32f7xx_hal_tim.o
HAL_TIM_DMABurst_ReadStart                        build/stm32f7xx_hal_tim.o
HAL_TIM_DMABurst_ReadStop                         build/stm32f7xx_hal_tim.o
HAL_TIM_DMABurst_WriteStart                       build/stm32f7xx_hal_tim.o
HAL_TIM_DMABurst_WriteStop                        build/stm32f7xx_hal_tim.o
HAL_TIM_Encoder_DeInit                            build/stm32f7xx_hal_tim.o
HAL_TIM_Encoder_GetState                          build/stm32f7xx_hal_tim.o
HAL_TIM_Encoder_Init                              build/stm32f7xx_hal_tim.o
HAL_TIM_Encoder_MspDeInit                         build/stm32f7xx_hal_tim.o
HAL_TIM_Encoder_MspInit                           build/stm32f7xx_hal_tim.o
HAL_TIM_Encoder_Start                             build/stm32f7xx_hal_tim.o
HAL_TIM_Encoder_Start_DMA                         build/stm32f7xx_hal_tim.o
HAL_TIM_Encoder_Start_IT                          build/stm32f7xx_hal_tim.o
HAL_TIM_Encoder_Stop                              build/stm32f7xx_hal_tim.o
HAL_TIM_Encoder_Stop_DMA                          build/stm32f7xx_hal_tim.o
HAL_TIM_Encoder_Stop_IT                           build/stm32f7xx_hal_tim.o
HAL_TIM_ErrorCallback                             build/stm32f7xx_hal_tim.o
                                                  build/stm32f7xx_hal_tim_ex.o
HAL_TIM_GenerateEvent                             build/stm32f7xx_hal_tim.o
HAL_TIM_GetActiveChannel                          build/stm32f7xx_hal_tim.o
HAL_TIM_GetChannelState                           build/stm32f7xx_hal_tim.o
HAL_TIM_IC_CaptureCallback                        build/stm32f7xx_hal_tim.o
HAL_TIM_IC_CaptureHalfCpltCallback                build/stm32f7xx_hal_tim.o
HAL_TIM_IC_ConfigChannel                          build/stm32f7xx_hal_tim.o
HAL_TIM_IC_DeInit                                 build/stm32f7xx_hal_tim.o
HAL_TIM_IC_GetState                               build/stm32f7xx_hal_tim.o
HAL_TIM_IC_Init                                   build/stm32f7xx_hal_tim.o
HAL_TIM_IC_MspDeInit                              build/stm32f7xx_hal_tim.o
HAL_TIM_IC_MspInit                                build/stm32f7xx_hal_tim.o
HAL_TIM_IC_Start                                  build/stm32f7xx_hal_tim.o
HAL_TIM_IC_Start_DMA                              build/stm32f7xx_hal_tim.o
HAL_TIM_IC_Start_IT                               build/stm32f7xx_hal_tim.o
HAL_TIM_IC_Stop                                   build/stm32f7xx_hal_tim.o
HAL_TIM_IC_Stop_DMA                               build/stm32f7xx_hal_tim.o
HAL_TIM_IC_Stop_IT                                build/stm32f7xx_hal_tim.o
HAL_TIM_IRQHandler                                build/stm32f7xx_hal_tim.o
HAL_TIM_MspPostInit                               build/stm32f7xx_hal_msp.o
                                                  build/main.o
HAL_TIM_OC_ConfigChannel                          build/stm32f7xx_hal_tim.o
HAL_TIM_OC_DeInit                                 build/stm32f7xx_hal_tim.o
HAL_TIM_OC_DelayElapsedCallback                   build/stm32f7xx_hal_tim.o
HAL_TIM_OC_GetState                               build/stm32f7xx_hal_tim.o
HAL_TIM_OC_Init                                   build/stm32f7xx_hal_tim.o
HAL_TIM_OC_MspDeInit                              build/stm32f7xx_hal_tim.o
HAL_TIM_OC_MspInit                                build/stm32f7xx_hal_tim.o
HAL_TIM_OC_Start                                  build/stm32f7xx_hal_tim.o
HAL_TIM_OC_Start_DMA                              build/stm32f7xx_hal_tim.o
HAL_TIM_OC_Start_IT                               build/stm32f7xx_hal_tim.o
HAL_TIM_OC_Stop                                   build/stm32f7xx_hal_tim.o
HAL_TIM_OC_Stop_DMA                               build/stm32f7xx_hal_tim.o
HAL_TIM_OC_Stop_IT                                build/stm32f7xx_hal_tim.o
HAL_TIM_OnePulse_ConfigChannel                    build/stm32f7xx_hal_tim.o
HAL_TIM_OnePulse_DeInit                           build/stm32f7xx_hal_tim.o
HAL_TIM_OnePulse_GetState                         build/stm32f7xx_hal_tim.o
HAL_TIM_OnePulse_Init                             build/stm32f7xx_hal_tim.o
HAL_TIM_OnePulse_MspDeInit                        build/stm32f7xx_hal_tim.o
HAL_TIM_OnePulse_MspInit                          build/stm32f7xx_hal_tim.o
HAL_TIM_OnePulse_Start                            build/stm32f7xx_hal_tim.o
HAL_TIM_OnePulse_Start_IT                         build/stm32f7xx_hal_tim.o
HAL_TIM_OnePulse_Stop                             build/stm32f7xx_hal_tim.o
HAL_TIM_OnePulse_Stop_IT                          build/stm32f7xx_hal_tim.o
HAL_TIM_PWM_ConfigChannel                         build/stm32f7xx_hal_tim.o
                                                  build/pwm_driver.o
                                                  build/main.o
HAL_TIM_PWM_DeInit                                build/stm32f7xx_hal_tim.o
HAL_TIM_PWM_GetState                              build/stm32f7xx_hal_tim.o
HAL_TIM_PWM_Init                                  build/stm32f7xx_hal_tim.o
                                                  build/pwm_driver.o
                                                  build/main.o
HAL_TIM_PWM_MspDeInit                             build/stm32f7xx_hal_msp.o
HAL_TIM_PWM_MspInit                               build/stm32f7xx_hal_msp.o
HAL_TIM_PWM_PulseFinishedCallback                 build/stm32f7xx_hal_tim.o
                                                  build/stm32f7xx_hal_tim_ex.o
HAL_TIM_PWM_PulseFinishedHalfCpltCallback         build/stm32f7xx_hal_tim.o
HAL_TIM_PWM_Start                                 build/stm32f7xx_hal_tim.o
                                                  build/pwm_driver.o
HAL_TIM_PWM_Start_DMA                             build/stm32f7xx_hal_tim.o
HAL_TIM_PWM_Start_IT                              build/stm32f7xx_hal_tim.o
HAL_TIM_PWM_Stop                                  build/stm32f7xx_hal_tim.o
                                                  build/pwm_driver.o
HAL_TIM_PWM_Stop_DMA                              build/stm32f7xx_hal_tim.o
HAL_TIM_PWM_Stop_IT                               build/stm32f7xx_hal_tim.o
HAL_TIM_PeriodElapsedCallback                     build/stm32f7xx_hal_tim.o
HAL_TIM_PeriodElapsedHalfCpltCallback             build/stm32f7xx_hal_tim.o
HAL_TIM_ReadCapturedValue                         build/stm32f7xx_hal_tim.o
HAL_TIM_SlaveConfigSynchro                        build/stm32f7xx_hal_tim.o
HAL_TIM_SlaveConfigSynchro_IT                     build/stm32f7xx_hal_tim.o
HAL_TIM_TriggerCallback                           build/stm32f7xx_hal_tim.o
HAL_TIM_TriggerHalfCpltCallback                   build/stm32f7xx_hal_tim.o
HAL_UARTEx_GetRxEventType                         build/stm32f7xx_hal_uart_ex.o
HAL_UARTEx_ReceiveToIdle                          build/stm32f7xx_hal_uart_ex.o
HAL_UARTEx_ReceiveToIdle_DMA                      build/stm32f7xx_hal_uart_ex.o
HAL_UARTEx_ReceiveToIdle_IT                       build/stm32f7xx_hal_uart_ex.o
HAL_UARTEx_RxEventCallback                        build/stm32f7xx_hal_uart.o
HAL_UART_Abort                                    build/stm32f7xx_hal_uart.o
HAL_UART_AbortCpltCallback                        build/stm32f7xx_hal_uart.o
HAL_UART_AbortReceive                             build/stm32f7xx_hal_uart.o
HAL_UART_AbortReceiveCpltCallback                 build/stm32f7xx_hal_uart.o
HAL_UART_AbortReceive_IT                          build/stm32f7xx_hal_uart.o
HAL_UART_AbortTransmit                            build/stm32f7xx_hal_uart.o
HAL_UART_AbortTransmitCpltCallback                build/stm32f7xx_hal_uart.o
HAL_UART_AbortTransmit_IT                         build/stm32f7xx_hal_uart.o
HAL_UART_Abort_IT                                 build/stm32f7xx_hal_uart.o
HAL_UART_DMAPause                                 build/stm32f7xx_hal_uart.o
HAL_UART_DMAResume                                build/stm32f7xx_hal_uart.o
HAL_UART_DMAStop                                  build/stm32f7xx_hal_uart.o
HAL_UART_DeInit                                   build/stm32f7xx_hal_uart.o
HAL_UART_DisableReceiverTimeout                   build/stm32f7xx_hal_uart.o
HAL_UART_EnableReceiverTimeout                    build/stm32f7xx_hal_uart.o
HAL_UART_ErrorCallback                            build/stm32f7xx_hal_uart.o
HAL_UART_GetError                                 build/stm32f7xx_hal_uart.o
HAL_UART_GetState                                 build/stm32f7xx_hal_uart.o
HAL_UART_IRQHandler                               build/stm32f7xx_hal_uart.o
HAL_UART_Init                                     build/stm32f7xx_hal_uart.o
                                                  build/main.o
HAL_UART_MspDeInit                                build/stm32f7xx_hal_msp.o
HAL_UART_MspInit                                  build/stm32f7xx_hal_msp.o
                                                  build/stm32f7xx_hal_uart_ex.o
HAL_UART_Receive                                  build/stm32f7xx_hal_uart.o
HAL_UART_Receive_DMA                              build/stm32f7xx_hal_uart.o
HAL_UART_Receive_IT                               build/stm32f7xx_hal_uart.o
HAL_UART_ReceiverTimeout_Config                   build/stm32f7xx_hal_uart.o
HAL_UART_RxCpltCallback                           build/stm32f7xx_hal_uart.o
HAL_UART_RxHalfCpltCallback                       build/stm32f7xx_hal_uart.o
HAL_UART_Transmit                                 build/stm32f7xx_hal_uart.o
HAL_UART_Transmit_DMA                             build/stm32f7xx_hal_uart.o
HAL_UART_Transmit_IT                              build/stm32f7xx_hal_uart.o
HAL_UART_TxCpltCallback                           build/stm32f7xx_hal_uart.o
HAL_UART_TxHalfCpltCallback                       build/stm32f7xx_hal_uart.o
HardFault_Handler                                 build/stm32f7xx_it.o
I2C1_ER_IRQHandler                                build/startup_stm32f746xx.o
I2C1_EV_IRQHandler                                build/startup_stm32f746xx.o
I2C2_ER_IRQHandler                                build/startup_stm32f746xx.o
I2C2_EV_IRQHandler                                build/startup_stm32f746xx.o
I2C3_ER_IRQHandler                                build/startup_stm32f746xx.o
I2C3_EV_IRQHandler                                build/startup_stm32f746xx.o
I2C4_ER_IRQHandler                                build/startup_stm32f746xx.o
I2C4_EV_IRQHandler                                build/startup_stm32f746xx.o
LPTIM1_IRQHandler                                 build/startup_stm32f746xx.o
LTDC_ER_IRQHandler                                build/startup_stm32f746xx.o
LTDC_IRQHandler                                   build/startup_stm32f746xx.o
MemManage_Handler                                 build/stm32f7xx_it.o
NMI_Handler                                       build/stm32f7xx_it.o
OTG_FS_IRQHandler                                 build/startup_stm32f746xx.o
OTG_FS_WKUP_IRQHandler                            build/startup_stm32f746xx.o
OTG_HS_EP1_IN_IRQHandler                          build/startup_stm32f746xx.o
OTG_HS_EP1_OUT_IRQHandler                         build/startup_stm32f746xx.o
OTG_HS_IRQHandler                                 build/startup_stm32f746xx.o
OTG_HS_WKUP_IRQHandler                            build/startup_stm32f746xx.o
PVD_IRQHandler                                    build/startup_stm32f746xx.o
PendSV_Handler                                    build/stm32f7xx_it.o
QUADSPI_IRQHandler                                build/startup_stm32f746xx.o
RCC_IRQHandler                                    build/startup_stm32f746xx.o
RNG_IRQHandler                                    build/startup_stm32f746xx.o
RTC_Alarm_IRQHandler                              build/startup_stm32f746xx.o
RTC_WKUP_IRQHandler                               build/startup_stm32f746xx.o
Reset_Handler                                     build/startup_stm32f746xx.o
SAI1_IRQHandler                                   build/startup_stm32f746xx.o
SAI2_IRQHandler                                   build/startup_stm32f746xx.o
SDMMC1_IRQHandler                                 build/startup_stm32f746xx.o
SPDIF_RX_IRQHandler                               build/startup_stm32f746xx.o
SPI1_IRQHandler                                   build/startup_stm32f746xx.o
SPI2_IRQHandler                                   build/startup_stm32f746xx.o
SPI3_IRQHandler                                   build/startup_stm32f746xx.o
SPI4_IRQHandler                                   build/startup_stm32f746xx.o
SPI5_IRQHandler                                   build/startup_stm32f746xx.o
SPI6_IRQHandler                                   build/startup_stm32f746xx.o
SVC_Handler                                       build/stm32f7xx_it.o
SysTick_Handler                                   build/stm32f7xx_it.o
SystemClock_Config                                build/main.o
SystemCoreClock                                   build/system_stm32f7xx.o
                                                  build/stm32f7xx_hal_rcc.o
                                                  build/stm32f7xx_hal_dma.o
                                                  build/stm32f7xx_hal.o
                                                  build/pwm_driver.o
SystemCoreClockUpdate                             build/system_stm32f7xx.o
SystemInit                                        build/system_stm32f7xx.o
                                                  build/startup_stm32f746xx.o
TAMP_STAMP_IRQHandler                             build/startup_stm32f746xx.o
TIM1_BRK_TIM9_IRQHandler                          build/startup_stm32f746xx.o
TIM1_CC_IRQHandler                                build/startup_stm32f746xx.o
TIM1_TRG_COM_TIM11_IRQHandler                     build/startup_stm32f746xx.o
TIM1_UP_TIM10_IRQHandler                          build/startup_stm32f746xx.o
TIM2_IRQHandler                                   build/startup_stm32f746xx.o
TIM3_IRQHandler                                   build/startup_stm32f746xx.o
TIM4_IRQHandler                                   build/startup_stm32f746xx.o
TIM5_IRQHandler                                   build/startup_stm32f746xx.o
TIM6_DAC_IRQHandler                               build/startup_stm32f746xx.o
TIM7_IRQHandler                                   build/startup_stm32f746xx.o